run_dir: /workspace/HAIC-Money/runs/20260920-155851_ppo-cnn-smoothing-steering-ema-v1
=== HAIC PPO 학습 시작 ===
variables version: variables-6
track_ids: [1, 2, 3]
seeds: [42, 1337, 2024, 777]
training track mode: sampled sampler_seed: 917 obstacles: official
n_envs: 16  total_timesteps: 262144
reward_shaping: True  norm_reward: True collision_penalty: 0.0
action smoothing: steering-ema config={'schema_version': 1, 'method': 'alpha', 'alpha': [0.35, 1.0, 1.0], 'max_delta': None, 'initial_action': [0.0, 0.0, 0.0], 'low': [-1.0, 0.0, 0.0], 'high': [1.0, 1.0, 1.0], 'update_unit': 'policy_action', 'clip_order': 'before_and_after'}
target_kl: 0.03
seen eval seeds: [10001, 10002, 10003, 10004, 10005, 10006, 10007, 10008]
holdout eval seeds: [11001, 11002, 11003, 11004, 11005, 11006, 11007, 11008]
resume from: runs/20260920-022920_ppo-cnn-episode-sampler-v1/checkpoints/ppo_baseline_262144_steps.zip
resume vecnormalize: runs/20260920-022920_ppo-cnn-episode-sampler-v1/checkpoints/ppo_baseline_vecnormalize_262144_steps.pkl
[info] resume action smoothing differs from requested config; recording this as an explicit intervention change
-------------------------------
| time/              |        |
|    fps             | 262    |
|    iterations      | 1      |
|    time_elapsed    | 62     |
|    total_timesteps | 278528 |
-------------------------------
-----------------------------------------
| time/                   |             |
|    fps                  | 231         |
|    iterations           | 2           |
|    time_elapsed         | 141         |
|    total_timesteps      | 294912      |
| train/                  |             |
|    approx_kl            | 0.009476735 |
|    clip_fraction        | 0.115       |
|    clip_range           | 0.2         |
|    entropy_loss         | -3.85       |
|    explained_variance   | 0.825       |
|    learning_rate        | 0.0001      |
|    loss                 | 0.0511      |
|    n_updates            | 85          |
|    policy_gradient_loss | -0.00859    |
|    std                  | 0.871       |
|    value_loss           | 0.205       |
-----------------------------------------
-----------------------------------------
| time/                   |             |
|    fps                  | 222         |
|    iterations           | 3           |
|    time_elapsed         | 221         |
|    total_timesteps      | 311296      |
| train/                  |             |
|    approx_kl            | 0.008724035 |
|    clip_fraction        | 0.111       |
|    clip_range           | 0.2         |
|    entropy_loss         | -3.83       |
|    explained_variance   | 0.819       |
|    learning_rate        | 0.0001      |
|    loss                 | 0.105       |
|    n_updates            | 90          |
|    policy_gradient_loss | -0.00739    |
|    std                  | 0.867       |
|    value_loss           | 0.244       |
-----------------------------------------
---------------------------------------
| time/                   |           |
|    fps                  | 216       |
|    iterations           | 4         |
|    time_elapsed         | 302       |
|    total_timesteps      | 327680    |
| train/                  |           |
|    approx_kl            | 0.0091071 |
|    clip_fraction        | 0.111     |
|    clip_range           | 0.2       |
|    entropy_loss         | -3.82     |
|    explained_variance   | 0.795     |
|    learning_rate        | 0.0001    |
|    loss                 | 0.108     |
|    n_updates            | 95        |
|    policy_gradient_loss | -0.00788  |
|    std                  | 0.864     |
|    value_loss           | 0.26      |
---------------------------------------
----------------------------------------
| time/                   |            |
|    fps                  | 214        |
|    iterations           | 5          |
|    time_elapsed         | 381        |
|    total_timesteps      | 344064     |
| train/                  |            |
|    approx_kl            | 0.00916682 |
|    clip_fraction        | 0.109      |
|    clip_range           | 0.2        |
|    entropy_loss         | -3.8       |
|    explained_variance   | 0.83       |
|    learning_rate        | 0.0001     |
|    loss                 | 0.0822     |
|    n_updates            | 100        |
|    policy_gradient_loss | -0.00752   |
|    std                  | 0.858      |
|    value_loss           | 0.218      |
----------------------------------------
----------------------------------------
| time/                   |            |
|    fps                  | 213        |
|    iterations           | 6          |
|    time_elapsed         | 460        |
|    total_timesteps      | 360448     |
| train/                  |            |
|    approx_kl            | 0.00984312 |
|    clip_fraction        | 0.115      |
|    clip_range           | 0.2        |
|    entropy_loss         | -3.78      |
|    explained_variance   | 0.794      |
|    learning_rate        | 0.0001     |
|    loss                 | 0.139      |
|    n_updates            | 105        |
|    policy_gradient_loss | -0.0076    |
|    std                  | 0.852      |
|    value_loss           | 0.252      |
----------------------------------------
------------------------------------------
| time/                   |              |
|    fps                  | 211          |
|    iterations           | 7            |
|    time_elapsed         | 541          |
|    total_timesteps      | 376832       |
| train/                  |              |
|    approx_kl            | 0.0099089425 |
|    clip_fraction        | 0.117        |
|    clip_range           | 0.2          |
|    entropy_loss         | -3.76        |
|    explained_variance   | 0.833        |
|    learning_rate        | 0.0001       |
|    loss                 | 0.101        |
|    n_updates            | 110          |
|    policy_gradient_loss | -0.00801     |
|    std                  | 0.845        |
|    value_loss           | 0.216        |
------------------------------------------
----------------------------------------
| time/                   |            |
|    fps                  | 212        |
|    iterations           | 8          |
|    time_elapsed         | 615        |
|    total_timesteps      | 393216     |
| train/                  |            |
|    approx_kl            | 0.01023763 |
|    clip_fraction        | 0.127      |
|    clip_range           | 0.2        |
|    entropy_loss         | -3.74      |
|    explained_variance   | 0.809      |
|    learning_rate        | 0.0001     |
|    loss                 | 0.0807     |
|    n_updates            | 115        |
|    policy_gradient_loss | -0.00909   |
|    std                  | 0.841      |
|    value_loss           | 0.229      |
----------------------------------------
saved checkpoint: /workspace/HAIC-Money/runs/20260920-155851_ppo-cnn-smoothing-steering-ema-v1/checkpoints/ppo_baseline_393216_steps.zip
[eval @ 393216] seen finish_rate=0.00 progress=0.292 | holdout finish_rate=0.00 progress=0.307 best=True
-------------------------------
| time/              |        |
|    fps             | 231    |
|    iterations      | 1      |
|    time_elapsed    | 70     |
|    total_timesteps | 409600 |
-------------------------------
----------------------------------------
| time/                   |            |
|    fps                  | 228        |
|    iterations           | 2          |
|    time_elapsed         | 143        |
|    total_timesteps      | 425984     |
| train/                  |            |
|    approx_kl            | 0.00922667 |
|    clip_fraction        | 0.128      |
|    clip_range           | 0.2        |
|    entropy_loss         | -3.7       |
|    explained_variance   | 0.803      |
|    learning_rate        | 0.0001     |
|    loss                 | 0.115      |
|    n_updates            | 125        |
|    policy_gradient_loss | -0.00853   |
|    std                  | 0.831      |
|    value_loss           | 0.227      |
----------------------------------------
------------------------------------------
| time/                   |              |
|    fps                  | 236          |
|    iterations           | 3            |
|    time_elapsed         | 207          |
|    total_timesteps      | 442368       |
| train/                  |              |
|    approx_kl            | 0.0102268215 |
|    clip_fraction        | 0.133        |
|    clip_range           | 0.2          |
|    entropy_loss         | -3.69        |
|    explained_variance   | 0.776        |
|    learning_rate        | 0.0001       |
|    loss                 | 0.0898       |
|    n_updates            | 130          |
|    policy_gradient_loss | -0.00903     |
|    std                  | 0.828        |
|    value_loss           | 0.258        |
------------------------------------------
-----------------------------------------
| time/                   |             |
|    fps                  | 239         |
|    iterations           | 4           |
|    time_elapsed         | 273         |
|    total_timesteps      | 458752      |
| train/                  |             |
|    approx_kl            | 0.010599054 |
|    clip_fraction        | 0.13        |
|    clip_range           | 0.2         |
|    entropy_loss         | -3.68       |
|    explained_variance   | 0.8         |
|    learning_rate        | 0.0001      |
|    loss                 | 0.108       |
|    n_updates            | 135         |
|    policy_gradient_loss | -0.0102     |
|    std                  | 0.825       |
|    value_loss           | 0.232       |
-----------------------------------------
Early stopping at step 1 due to reaching max kl: 0.07
-----------------------------------------
| time/                   |             |
|    fps                  | 242         |
|    iterations           | 5           |
|    time_elapsed         | 337         |
|    total_timesteps      | 475136      |
| train/                  |             |
|    approx_kl            | 0.017485766 |
|    clip_fraction        | 0.114       |
|    clip_range           | 0.2         |
|    entropy_loss         | -3.67       |
|    explained_variance   | 0.759       |
|    learning_rate        | 0.0001      |
|    loss                 | 0.148       |
|    n_updates            | 137         |
|    policy_gradient_loss | 0.00212     |
|    std                  | 0.824       |
|    value_loss           | 0.27        |
-----------------------------------------
-----------------------------------------
| time/                   |             |
|    fps                  | 242         |
|    iterations           | 6           |
|    time_elapsed         | 404         |
|    total_timesteps      | 491520      |
| train/                  |             |
|    approx_kl            | 0.010709827 |
|    clip_fraction        | 0.128       |
|    clip_range           | 0.2         |
|    entropy_loss         | -3.66       |
|    explained_variance   | 0.76        |
|    learning_rate        | 0.0001      |
|    loss                 | 0.0964      |
|    n_updates            | 142         |
|    policy_gradient_loss | -0.00979    |
|    std                  | 0.819       |
|    value_loss           | 0.253       |
-----------------------------------------
-----------------------------------------
| time/                   |             |
|    fps                  | 241         |
|    iterations           | 7           |
|    time_elapsed         | 474         |
|    total_timesteps      | 507904      |
| train/                  |             |
|    approx_kl            | 0.011822956 |
|    clip_fraction        | 0.139       |
|    clip_range           | 0.2         |
|    entropy_loss         | -3.64       |
|    explained_variance   | 0.785       |
|    learning_rate        | 0.0001      |
|    loss                 | 0.11        |
|    n_updates            | 147         |
|    policy_gradient_loss | -0.0109     |
|    std                  | 0.816       |
|    value_loss           | 0.243       |
-----------------------------------------
----------------------------------------
| time/                   |            |
|    fps                  | 233        |
|    iterations           | 8          |
|    time_elapsed         | 560        |
|    total_timesteps      | 524288     |
| train/                  |            |
|    approx_kl            | 0.01256903 |
|    clip_fraction        | 0.144      |
|    clip_range           | 0.2        |
|    entropy_loss         | -3.63      |
|    explained_variance   | 0.792      |
|    learning_rate        | 0.0001     |
|    loss                 | 0.0967     |
|    n_updates            | 152        |
|    policy_gradient_loss | -0.00857   |
|    std                  | 0.813      |
|    value_loss           | 0.242      |
----------------------------------------
saved checkpoint: /workspace/HAIC-Money/runs/20260920-155851_ppo-cnn-smoothing-steering-ema-v1/checkpoints/ppo_baseline_524288_steps.zip
[eval @ 524288] seen finish_rate=0.00 progress=0.311 | holdout finish_rate=0.00 progress=0.288 best=False
saved model: /workspace/HAIC-Money/runs/20260920-155851_ppo-cnn-smoothing-steering-ema-v1/model.zip
saved vecnormalize: /workspace/HAIC-Money/runs/20260920-155851_ppo-cnn-smoothing-steering-ema-v1/model_vecnormalize.pkl
=== 학습 완료 ===
