\BOOKMARK [1][-]{section.1}{\376\377\323\050\320\244\311\300\000\040\255\154\301\061\254\374\000\040\273\070\301\034\000\040\274\224\307\004}{}% 1
\BOOKMARK [1][-]{section.2}{\376\377\311\304\307\205\310\020\000,\000\040\307\205\270\045\254\374\000\040\315\234\270\045}{}% 2
\BOOKMARK [2][-]{subsection.2.1}{\376\377\000A\000g\000e\000n\000t\307\130\000\040\261\044\000\040\272\124\301\034\264\334}{section.2}% 3
\BOOKMARK [2][-]{subsection.2.2}{\376\377\255\000\316\041\000\040\326\025\302\335\254\374\000\040\254\200\300\254}{section.2}% 4
\BOOKMARK [1][-]{section.3}{\376\377\326\124\272\164\305\320\301\034\000\040\263\304\270\134\000\040\314\076\256\060}{}% 5
\BOOKMARK [2][-]{subsection.3.1}{\376\377\274\035\256\060\306\100\000\040\320\320\300\311\000\040\274\224\307\004}{section.3}% 6
\BOOKMARK [2][-]{subsection.3.2}{\376\377\264\120\000\040\254\000\311\300\000\040\274\364\254\004\000\040\325\150\302\030}{section.3}% 7
\BOOKMARK [1][-]{section.4}{\376\377\307\245\305\140\273\074\000\040\254\200\315\234\254\374\000\040\326\214\325\074\000\040\274\051\325\245}{}% 8
\BOOKMARK [2][-]{subsection.4.1}{\376\377\274\035\307\100\000\040\305\360\254\260\000\040\306\001\305\355\000\040\314\076\256\060}{section.4}% 9
\BOOKMARK [2][-]{subsection.4.2}{\376\377\326\214\325\074\000\040\274\051\325\245\000\040\300\301\320\334\307\130\000\040\272\250\264\340\000\040\310\160\254\164}{section.4}% 10
\BOOKMARK [1][-]{section.5}{\376\377\326\004\307\254\000\040\301\215\263\304\000\040\315\224\310\025}{}% 11
\BOOKMARK [1][-]{section.6}{\376\377\325\130\307\004\000\040\263\304\270\134\000\040\315\224\310\205\256\060\000:\000\040\000V\000i\000s\000i\000o\000n\000C\000o\000r\000r\000i\000d\000o\000r\000A\000g\000e\000n\000t}{}% 12
\BOOKMARK [2][-]{subsection.6.1}{\376\377\300\335\301\061\000\040\323\014\267\174\273\370\321\060\306\100\000\040\307\040\326\250\301\061\000\040\254\200\300\254}{section.6}% 13
\BOOKMARK [2][-]{subsection.6.2}{\376\377\256\060\274\370\000\040\310\160\325\245\254\374\000\040\325\130\307\004\000\040\272\251\324\134\000\040\301\215\263\304}{section.6}% 14
\BOOKMARK [2][-]{subsection.6.3}{\376\377\325\130\307\004\000\040\323\230\262\354\254\374\000\040\302\344\310\034\000\040\326\250\254\374}{section.6}% 15
\BOOKMARK [1][-]{section.7}{\376\377\310\160\325\245\000\040\274\364\310\025\254\374\000\040\254\340\310\025\000\040\301\215\263\304\000\040\254\304\316\065}{}% 16
\BOOKMARK [2][-]{subsection.7.1}{\376\377\302\344\310\034\270\134\000\040\301\040\320\335\264\034\000\040\000d\000a\000m\000p\000i\000n\000g\000\040\272\250\264\334}{section.7}% 17
\BOOKMARK [2][-]{subsection.7.2}{\376\377\314\253\000\040\0001\0000\326\214\306\100\000\040\254\340\310\025\000\040\323\230\262\354}{section.7}% 18
\BOOKMARK [1][-]{section.8}{\376\377\256\011\254\020\301\215\254\374\000\040\315\251\263\314\000\040\254\000\262\245\301\061\000\040\314\230\271\254}{}% 19
\BOOKMARK [1][-]{section.9}{\376\377\315\134\300\301\307\004\000\040\310\160\310\025\000:\000\040\000p\000r\000e\000v\000i\000e\000w\000\137\000r\000o\000w\000\137\000r\000e\000p\000a\000i\000r}{}% 20
\BOOKMARK [2][-]{subsection.9.1}{\376\377\310\025\300\301\000\040\310\034\263\331\307\104\000\040\315\251\263\314\270\134\000\040\306\044\307\170\325\130\311\300\000\040\305\112\256\060}{section.9}% 21
\BOOKMARK [2][-]{subsection.9.2}{\376\377\0004\0002\325\211\307\164\000\040\300\254\267\174\311\304\000\040\254\275\306\260}{section.9}% 22
\BOOKMARK [2][-]{subsection.9.3}{\376\377\315\134\310\205\000\040\272\251\324\134\000\040\301\215\263\304\306\100\000\040\323\230\262\354}{section.9}% 23
\BOOKMARK [2][-]{subsection.9.4}{\376\377\254\304\300\260\000\040\306\010\302\334}{section.9}% 24
\BOOKMARK [1][-]{section.10}{\376\377\325\134\000\040\274\210\307\130\000\040\000a\000c\000t\305\320\301\034\000\040\302\344\310\034\270\134\000\040\302\344\325\211\264\030\262\224\000\040\302\034\301\034}{}% 25
\BOOKMARK [1][-]{section.11}{\376\377\300\301\320\334\000\040\274\300\302\030\306\100\000\040\000r\000e\000s\000e\000t}{}% 26
\BOOKMARK [1][-]{section.12}{\376\377\311\304\262\350\000\040\310\025\274\364\307\130\000\040\307\130\273\370\306\100\000\040\310\374\307\130\310\020}{}% 27
\BOOKMARK [1][-]{section.13}{\376\377\323\354\325\150\264\030\305\264\000\040\307\210\311\300\271\314\000\040\301\040\320\335\264\030\311\300\000\040\305\112\307\100\000\040\272\250\264\334}{}% 28
\BOOKMARK [2][-]{subsection.13.1}{\376\377\000F\000i\000x\000e\000d\000H\000i\000g\000h\000S\000p\000e\000e\000d\000A\000g\000e\000n\000t\307\130\000\040\262\344\271\170\000\040\310\160\325\245\000\040\272\250\264\334}{section.13}% 29
\BOOKMARK [2][-]{subsection.13.2}{\376\377\000m\000e\000m\000o\000r\000y\000\137\000r\000e\000a\000c\000q\000u\000i\000r\000e}{section.13}% 30
\BOOKMARK [2][-]{subsection.13.3}{\376\377\000F\000a\000s\000t\000C\000o\000m\000p\000l\000e\000t\000i\000o\000n\000C\000o\000o\000r\000d\000i\000n\000a\000t\000i\000o\000n\307\130\000\040\260\230\272\070\311\300\000\040\272\250\264\334}{section.13}% 31
\BOOKMARK [1][-]{section.14}{\376\377\300\254\306\251\264\030\311\300\000\040\305\112\262\224\000\040\322\271\311\325\000\040\274\241\321\060\000\040\325\150\302\030\263\304\000\040\323\354\325\150\264\050}{}% 32
\BOOKMARK [2][-]{subsection.14.1}{\376\377\0007\314\050\306\320\000\040\302\334\254\001\000\040\322\271\311\325}{section.14}% 33
\BOOKMARK [2][-]{subsection.14.2}{\376\377\0001\314\050\306\320\000\040\302\334\254\004\000\040\322\271\311\325}{section.14}% 34
\BOOKMARK [2][-]{subsection.14.3}{\376\377\274\060\316\130\000\040\314\230\271\254\306\100\000\040\000e\000x\000p\000o\000r\000t\000\040\272\251\270\135}{section.14}% 35
\BOOKMARK [1][-]{section.15}{\376\377\306\010\306\170\000,\000\040\273\370\255\154\326\004\000\040\256\060\262\245\000,\000\040\302\344\310\034\000\040\310\004\267\265\307\130\000\040\254\275\254\304}{}% 36
\BOOKMARK [1][-]{section.16}{\376\377\315\134\310\205\000\040\306\224\305\175}{}% 37
\BOOKMARK [1][-]{appendix.A}{\376\377\323\050\320\244\311\300\000\040\302\335\274\304\000\040\310\025\274\364}{}% 38
\BOOKMARK [1][-]{appendix.B}{\376\377\000a\000g\000e\000n\000t\000.\000p\000y\000\040\310\004\314\264\000\040\301\214\302\244}{}% 39
\BOOKMARK [1][-]{appendix.C}{\376\377\000h\000a\000i\000c\000\137\000a\000g\000e\000n\000t\000/\000\137\000\137\000i\000n\000i\000t\000\137\000\137\000.\000p\000y\000\040\310\004\314\264\000\040\301\214\302\244}{}% 40
\BOOKMARK [1][-]{appendix.D}{\376\377\000h\000a\000i\000c\000\137\000a\000g\000e\000n\000t\000/\000f\000i\000x\000e\000d\000\137\000h\000i\000g\000h\000\137\000s\000p\000e\000e\000d\000\137\000r\000u\000n\000t\000i\000m\000e\000.\000p\000y\000\040\310\004\314\264\000\040\301\214\302\244}{}% 41
\BOOKMARK [1][-]{appendix.E}{\376\377\000h\000a\000i\000c\000\137\000a\000g\000e\000n\000t\000/\000c\000o\000r\000r\000i\000d\000o\000r\000\137\000a\000g\000e\000n\000t\000.\000p\000y\000\040\310\004\314\264\000\040\301\214\302\244}{}% 42
\BOOKMARK [1][-]{appendix.F}{\376\377\000h\000a\000i\000c\000\137\000a\000g\000e\000n\000t\000/\000p\000i\000x\000e\000l\000\137\000f\000e\000a\000t\000u\000r\000e\000s\000.\000p\000y\000\040\310\004\314\264\000\040\301\214\302\244}{}% 43
\BOOKMARK [1][-]{appendix.G}{\376\377\000h\000a\000i\000c\000\137\000a\000g\000e\000n\000t\000/\000f\000i\000x\000e\000d\000\137\000h\000i\000g\000h\000\137\000s\000p\000e\000e\000d\000\137\000r\000e\000c\000o\000v\000e\000r\000y\000\137\000v\0002\000.\000p\000y\000\040\310\004\314\264\000\040\301\214\302\244}{}% 44
\BOOKMARK [1][-]{appendix.H}{\376\377\000h\000a\000i\000c\000\137\000a\000g\000e\000n\000t\000/\000f\000a\000s\000t\000\137\000c\000o\000m\000p\000l\000e\000t\000i\000o\000n\000\137\000c\000o\000o\000r\000d\000i\000n\000a\000t\000i\000o\000n\000.\000p\000y\000\040\310\004\314\264\000\040\301\214\302\244}{}% 45
