run_dir: /workspace/HAIC-Money/runs/20260920-162444_ppo-cnn-steering-ema035-v1
=== HAIC PPO 학습 시작 ===
variables version: variables-6
track_ids: [1, 2, 3]
seeds: [42, 1337, 2024, 777]
training track mode: sampled sampler_seed: 920 obstacles: official
n_envs: 16  total_timesteps: 262144
reward_shaping: True  norm_reward: True collision_penalty: 0.0
action smoothing: steering-ema config={'schema_version': 1, 'method': 'alpha', 'alpha': [0.35, 1.0, 1.0], 'max_delta': None, 'initial_action': [0.0, 0.0, 0.0], 'low': [-1.0, 0.0, 0.0], 'high': [1.0, 1.0, 1.0], 'update_unit': 'policy_action', 'clip_order': 'before_and_after'}
target_kl: 0.03
seen eval seeds: [12001, 12002, 12003, 12004, 12005, 12006, 12007, 12008]
holdout eval seeds: [12101, 12102, 12103, 12104, 12105, 12106, 12107, 12108]
resume from: runs/20260920-051554_ppo-cnn-sampled-curriculum-v1/checkpoints/ppo_baseline_786432_steps.zip
resume vecnormalize: runs/20260920-051554_ppo-cnn-sampled-curriculum-v1/checkpoints/ppo_baseline_vecnormalize_786432_steps.pkl
[info] resume action smoothing differs from requested config; recording this as an explicit intervention change
-------------------------------
| time/              |        |
|    fps             | 220    |
|    iterations      | 1      |
|    time_elapsed    | 74     |
|    total_timesteps | 802816 |
-------------------------------
-----------------------------------------
| time/                   |             |
|    fps                  | 222         |
|    iterations           | 2           |
|    time_elapsed         | 147         |
|    total_timesteps      | 819200      |
| train/                  |             |
|    approx_kl            | 0.012876412 |
|    clip_fraction        | 0.155       |
|    clip_range           | 0.2         |
|    entropy_loss         | -3.38       |
|    explained_variance   | 0.75        |
|    learning_rate        | 0.0001      |
|    loss                 | 0.0596      |
|    n_updates            | 245         |
|    policy_gradient_loss | -0.0127     |
|    std                  | 0.752       |
|    value_loss           | 0.187       |
-----------------------------------------
-----------------------------------------
| time/                   |             |
|    fps                  | 225         |
|    iterations           | 3           |
|    time_elapsed         | 218         |
|    total_timesteps      | 835584      |
| train/                  |             |
|    approx_kl            | 0.012800841 |
|    clip_fraction        | 0.164       |
|    clip_range           | 0.2         |
|    entropy_loss         | -3.37       |
|    explained_variance   | 0.801       |
|    learning_rate        | 0.0001      |
|    loss                 | 0.065       |
|    n_updates            | 250         |
|    policy_gradient_loss | -0.0119     |
|    std                  | 0.752       |
|    value_loss           | 0.202       |
-----------------------------------------
-----------------------------------------
| time/                   |             |
|    fps                  | 224         |
|    iterations           | 4           |
|    time_elapsed         | 291         |
|    total_timesteps      | 851968      |
| train/                  |             |
|    approx_kl            | 0.013456587 |
|    clip_fraction        | 0.164       |
|    clip_range           | 0.2         |
|    entropy_loss         | -3.37       |
|    explained_variance   | 0.776       |
|    learning_rate        | 0.0001      |
|    loss                 | 0.0855      |
|    n_updates            | 255         |
|    policy_gradient_loss | -0.0122     |
|    std                  | 0.749       |
|    value_loss           | 0.202       |
-----------------------------------------
------------------------------------------
| time/                   |              |
|    fps                  | 225          |
|    iterations           | 5            |
|    time_elapsed         | 363          |
|    total_timesteps      | 868352       |
| train/                  |              |
|    approx_kl            | 0.0134502575 |
|    clip_fraction        | 0.17         |
|    clip_range           | 0.2          |
|    entropy_loss         | -3.35        |
|    explained_variance   | 0.761        |
|    learning_rate        | 0.0001       |
|    loss                 | 0.0434       |
|    n_updates            | 260          |
|    policy_gradient_loss | -0.0121      |
|    std                  | 0.745        |
|    value_loss           | 0.187        |
------------------------------------------
-----------------------------------------
| time/                   |             |
|    fps                  | 228         |
|    iterations           | 6           |
|    time_elapsed         | 429         |
|    total_timesteps      | 884736      |
| train/                  |             |
|    approx_kl            | 0.014685141 |
|    clip_fraction        | 0.171       |
|    clip_range           | 0.2         |
|    entropy_loss         | -3.34       |
|    explained_variance   | 0.784       |
|    learning_rate        | 0.0001      |
|    loss                 | 0.0663      |
|    n_updates            | 265         |
|    policy_gradient_loss | -0.0116     |
|    std                  | 0.743       |
|    value_loss           | 0.194       |
-----------------------------------------
-----------------------------------------
| time/                   |             |
|    fps                  | 231         |
|    iterations           | 7           |
|    time_elapsed         | 494         |
|    total_timesteps      | 901120      |
| train/                  |             |
|    approx_kl            | 0.013714559 |
|    clip_fraction        | 0.177       |
|    clip_range           | 0.2         |
|    entropy_loss         | -3.33       |
|    explained_variance   | 0.806       |
|    learning_rate        | 0.0001      |
|    loss                 | 0.0793      |
|    n_updates            | 270         |
|    policy_gradient_loss | -0.0129     |
|    std                  | 0.739       |
|    value_loss           | 0.167       |
-----------------------------------------
-----------------------------------------
| time/                   |             |
|    fps                  | 234         |
|    iterations           | 8           |
|    time_elapsed         | 559         |
|    total_timesteps      | 917504      |
| train/                  |             |
|    approx_kl            | 0.013976855 |
|    clip_fraction        | 0.173       |
|    clip_range           | 0.2         |
|    entropy_loss         | -3.31       |
|    explained_variance   | 0.787       |
|    learning_rate        | 0.0001      |
|    loss                 | 0.0621      |
|    n_updates            | 275         |
|    policy_gradient_loss | -0.0133     |
|    std                  | 0.737       |
|    value_loss           | 0.179       |
-----------------------------------------
saved checkpoint: /workspace/HAIC-Money/runs/20260920-162444_ppo-cnn-steering-ema035-v1/checkpoints/ppo_baseline_917504_steps.zip
[eval @ 917504] seen finish_rate=0.00 progress=0.461 | holdout finish_rate=0.00 progress=0.414 best=True
-------------------------------
| time/              |        |
|    fps             | 267    |
|    iterations      | 1      |
|    time_elapsed    | 61     |
|    total_timesteps | 933888 |
-------------------------------
-----------------------------------------
| time/                   |             |
|    fps                  | 256         |
|    iterations           | 2           |
|    time_elapsed         | 127         |
|    total_timesteps      | 950272      |
| train/                  |             |
|    approx_kl            | 0.014296835 |
|    clip_fraction        | 0.167       |
|    clip_range           | 0.2         |
|    entropy_loss         | -3.3        |
|    explained_variance   | 0.797       |
|    learning_rate        | 0.0001      |
|    loss                 | 0.065       |
|    n_updates            | 285         |
|    policy_gradient_loss | -0.0136     |
|    std                  | 0.732       |
|    value_loss           | 0.189       |
-----------------------------------------
-----------------------------------------
| time/                   |             |
|    fps                  | 247         |
|    iterations           | 3           |
|    time_elapsed         | 198         |
|    total_timesteps      | 966656      |
| train/                  |             |
|    approx_kl            | 0.013686109 |
|    clip_fraction        | 0.157       |
|    clip_range           | 0.2         |
|    entropy_loss         | -3.28       |
|    explained_variance   | 0.775       |
|    learning_rate        | 0.0001      |
|    loss                 | 0.0414      |
|    n_updates            | 290         |
|    policy_gradient_loss | -0.0137     |
|    std                  | 0.728       |
|    value_loss           | 0.176       |
-----------------------------------------
-----------------------------------------
| time/                   |             |
|    fps                  | 242         |
|    iterations           | 4           |
|    time_elapsed         | 270         |
|    total_timesteps      | 983040      |
| train/                  |             |
|    approx_kl            | 0.014906174 |
|    clip_fraction        | 0.167       |
|    clip_range           | 0.2         |
|    entropy_loss         | -3.27       |
|    explained_variance   | 0.778       |
|    learning_rate        | 0.0001      |
|    loss                 | 0.0665      |
|    n_updates            | 295         |
|    policy_gradient_loss | -0.0156     |
|    std                  | 0.727       |
|    value_loss           | 0.2         |
-----------------------------------------
-----------------------------------------
| time/                   |             |
|    fps                  | 239         |
|    iterations           | 5           |
|    time_elapsed         | 341         |
|    total_timesteps      | 999424      |
| train/                  |             |
|    approx_kl            | 0.018490264 |
|    clip_fraction        | 0.188       |
|    clip_range           | 0.2         |
|    entropy_loss         | -3.27       |
|    explained_variance   | 0.815       |
|    learning_rate        | 0.0001      |
|    loss                 | 0.076       |
|    n_updates            | 300         |
|    policy_gradient_loss | -0.0134     |
|    std                  | 0.727       |
|    value_loss           | 0.188       |
-----------------------------------------
-----------------------------------------
| time/                   |             |
|    fps                  | 241         |
|    iterations           | 6           |
|    time_elapsed         | 407         |
|    total_timesteps      | 1015808     |
| train/                  |             |
|    approx_kl            | 0.015954714 |
|    clip_fraction        | 0.176       |
|    clip_range           | 0.2         |
|    entropy_loss         | -3.26       |
|    explained_variance   | 0.811       |
|    learning_rate        | 0.0001      |
|    loss                 | 0.0625      |
|    n_updates            | 305         |
|    policy_gradient_loss | -0.0144     |
|    std                  | 0.723       |
|    value_loss           | 0.174       |
-----------------------------------------
-----------------------------------------
| time/                   |             |
|    fps                  | 239         |
|    iterations           | 7           |
|    time_elapsed         | 479         |
|    total_timesteps      | 1032192     |
| train/                  |             |
|    approx_kl            | 0.014969076 |
|    clip_fraction        | 0.177       |
|    clip_range           | 0.2         |
|    entropy_loss         | -3.24       |
|    explained_variance   | 0.788       |
|    learning_rate        | 0.0001      |
|    loss                 | 0.0627      |
|    n_updates            | 310         |
|    policy_gradient_loss | -0.0144     |
|    std                  | 0.72        |
|    value_loss           | 0.187       |
-----------------------------------------
-----------------------------------------
| time/                   |             |
|    fps                  | 239         |
|    iterations           | 8           |
|    time_elapsed         | 547         |
|    total_timesteps      | 1048576     |
| train/                  |             |
|    approx_kl            | 0.015907895 |
|    clip_fraction        | 0.188       |
|    clip_range           | 0.2         |
|    entropy_loss         | -3.23       |
|    explained_variance   | 0.805       |
|    learning_rate        | 0.0001      |
|    loss                 | 0.0924      |
|    n_updates            | 315         |
|    policy_gradient_loss | -0.0139     |
|    std                  | 0.718       |
|    value_loss           | 0.201       |
-----------------------------------------
saved checkpoint: /workspace/HAIC-Money/runs/20260920-162444_ppo-cnn-steering-ema035-v1/checkpoints/ppo_baseline_1048576_steps.zip
[eval @ 1048576] seen finish_rate=0.00 progress=0.447 | holdout finish_rate=0.00 progress=0.493 best=True
saved model: /workspace/HAIC-Money/runs/20260920-162444_ppo-cnn-steering-ema035-v1/model.zip
saved vecnormalize: /workspace/HAIC-Money/runs/20260920-162444_ppo-cnn-steering-ema035-v1/model_vecnormalize.pkl
=== 학습 완료 ===
