run_dir: /workspace/HAIC-Money/runs/20260920-044445_ppo-cnn-sampled-noobs-v1
=== HAIC PPO 학습 시작 ===
variables version: variables-6
track_ids: [1, 2, 3]
seeds: [42, 1337, 2024, 777]
training track mode: sampled sampler_seed: 917 obstacles: none
n_envs: 16  total_timesteps: 262144
reward_shaping: True  norm_reward: True
target_kl: 0.03
seen eval seeds: [10001, 10002, 10003, 10004, 10005, 10006, 10007, 10008]
holdout eval seeds: [11001, 11002, 11003, 11004, 11005, 11006, 11007, 11008]
Using cuda device
------------------------------
| time/              |       |
|    fps             | 285   |
|    iterations      | 1     |
|    time_elapsed    | 57    |
|    total_timesteps | 16384 |
------------------------------
------------------------------------------
| time/                   |              |
|    fps                  | 254          |
|    iterations           | 2            |
|    time_elapsed         | 128          |
|    total_timesteps      | 32768        |
| train/                  |              |
|    approx_kl            | 0.0069240876 |
|    clip_fraction        | 0.0792       |
|    clip_range           | 0.2          |
|    entropy_loss         | -4.25        |
|    explained_variance   | 0.0332       |
|    learning_rate        | 0.0001       |
|    loss                 | 0.061        |
|    n_updates            | 5            |
|    policy_gradient_loss | -0.0073      |
|    std                  | 0.993        |
|    value_loss           | 0.352        |
------------------------------------------
------------------------------------------
| time/                   |              |
|    fps                  | 243          |
|    iterations           | 3            |
|    time_elapsed         | 202          |
|    total_timesteps      | 49152        |
| train/                  |              |
|    approx_kl            | 0.0066633234 |
|    clip_fraction        | 0.0669       |
|    clip_range           | 0.2          |
|    entropy_loss         | -4.22        |
|    explained_variance   | 0.499        |
|    learning_rate        | 0.0001       |
|    loss                 | 0.0236       |
|    n_updates            | 10           |
|    policy_gradient_loss | -0.00725     |
|    std                  | 0.985        |
|    value_loss           | 0.078        |
------------------------------------------
------------------------------------------
| time/                   |              |
|    fps                  | 239          |
|    iterations           | 4            |
|    time_elapsed         | 273          |
|    total_timesteps      | 65536        |
| train/                  |              |
|    approx_kl            | 0.0064150975 |
|    clip_fraction        | 0.0693       |
|    clip_range           | 0.2          |
|    entropy_loss         | -4.2         |
|    explained_variance   | 0.64         |
|    learning_rate        | 0.0001       |
|    loss                 | 0.0378       |
|    n_updates            | 15           |
|    policy_gradient_loss | -0.00732     |
|    std                  | 0.979        |
|    value_loss           | 0.111        |
------------------------------------------
------------------------------------------
| time/                   |              |
|    fps                  | 235          |
|    iterations           | 5            |
|    time_elapsed         | 348          |
|    total_timesteps      | 81920        |
| train/                  |              |
|    approx_kl            | 0.0073316135 |
|    clip_fraction        | 0.0806       |
|    clip_range           | 0.2          |
|    entropy_loss         | -4.18        |
|    explained_variance   | 0.679        |
|    learning_rate        | 0.0001       |
|    loss                 | 0.0605       |
|    n_updates            | 20           |
|    policy_gradient_loss | -0.00839     |
|    std                  | 0.972        |
|    value_loss           | 0.135        |
------------------------------------------
-----------------------------------------
| time/                   |             |
|    fps                  | 237         |
|    iterations           | 6           |
|    time_elapsed         | 413         |
|    total_timesteps      | 98304       |
| train/                  |             |
|    approx_kl            | 0.007924919 |
|    clip_fraction        | 0.0861      |
|    clip_range           | 0.2         |
|    entropy_loss         | -4.16       |
|    explained_variance   | 0.668       |
|    learning_rate        | 0.0001      |
|    loss                 | 0.0647      |
|    n_updates            | 25          |
|    policy_gradient_loss | -0.00932    |
|    std                  | 0.965       |
|    value_loss           | 0.166       |
-----------------------------------------
-----------------------------------------
| time/                   |             |
|    fps                  | 238         |
|    iterations           | 7           |
|    time_elapsed         | 481         |
|    total_timesteps      | 114688      |
| train/                  |             |
|    approx_kl            | 0.008486746 |
|    clip_fraction        | 0.0971      |
|    clip_range           | 0.2         |
|    entropy_loss         | -4.13       |
|    explained_variance   | 0.72        |
|    learning_rate        | 0.0001      |
|    loss                 | 0.0378      |
|    n_updates            | 30          |
|    policy_gradient_loss | -0.0109     |
|    std                  | 0.955       |
|    value_loss           | 0.153       |
-----------------------------------------
-----------------------------------------
| time/                   |             |
|    fps                  | 241         |
|    iterations           | 8           |
|    time_elapsed         | 543         |
|    total_timesteps      | 131072      |
| train/                  |             |
|    approx_kl            | 0.008137603 |
|    clip_fraction        | 0.0967      |
|    clip_range           | 0.2         |
|    entropy_loss         | -4.1        |
|    explained_variance   | 0.775       |
|    learning_rate        | 0.0001      |
|    loss                 | 0.0633      |
|    n_updates            | 35          |
|    policy_gradient_loss | -0.0103     |
|    std                  | 0.945       |
|    value_loss           | 0.159       |
-----------------------------------------
-----------------------------------------
| time/                   |             |
|    fps                  | 242         |
|    iterations           | 9           |
|    time_elapsed         | 606         |
|    total_timesteps      | 147456      |
| train/                  |             |
|    approx_kl            | 0.008033646 |
|    clip_fraction        | 0.102       |
|    clip_range           | 0.2         |
|    entropy_loss         | -4.07       |
|    explained_variance   | 0.774       |
|    learning_rate        | 0.0001      |
|    loss                 | 0.0941      |
|    n_updates            | 40          |
|    policy_gradient_loss | -0.0114     |
|    std                  | 0.936       |
|    value_loss           | 0.2         |
-----------------------------------------
-----------------------------------------
| time/                   |             |
|    fps                  | 247         |
|    iterations           | 10          |
|    time_elapsed         | 662         |
|    total_timesteps      | 163840      |
| train/                  |             |
|    approx_kl            | 0.008757559 |
|    clip_fraction        | 0.11        |
|    clip_range           | 0.2         |
|    entropy_loss         | -4.04       |
|    explained_variance   | 0.761       |
|    learning_rate        | 0.0001      |
|    loss                 | 0.0848      |
|    n_updates            | 45          |
|    policy_gradient_loss | -0.0117     |
|    std                  | 0.927       |
|    value_loss           | 0.211       |
-----------------------------------------
------------------------------------------
| time/                   |              |
|    fps                  | 250          |
|    iterations           | 11           |
|    time_elapsed         | 720          |
|    total_timesteps      | 180224       |
| train/                  |              |
|    approx_kl            | 0.0089654755 |
|    clip_fraction        | 0.104        |
|    clip_range           | 0.2          |
|    entropy_loss         | -4.01        |
|    explained_variance   | 0.754        |
|    learning_rate        | 0.0001       |
|    loss                 | 0.0842       |
|    n_updates            | 50           |
|    policy_gradient_loss | -0.0105      |
|    std                  | 0.917        |
|    value_loss           | 0.209        |
------------------------------------------
-----------------------------------------
| time/                   |             |
|    fps                  | 251         |
|    iterations           | 12          |
|    time_elapsed         | 782         |
|    total_timesteps      | 196608      |
| train/                  |             |
|    approx_kl            | 0.008251892 |
|    clip_fraction        | 0.0947      |
|    clip_range           | 0.2         |
|    entropy_loss         | -3.98       |
|    explained_variance   | 0.788       |
|    learning_rate        | 0.0001      |
|    loss                 | 0.106       |
|    n_updates            | 55          |
|    policy_gradient_loss | -0.00923    |
|    std                  | 0.909       |
|    value_loss           | 0.207       |
-----------------------------------------
-----------------------------------------
| time/                   |             |
|    fps                  | 254         |
|    iterations           | 13          |
|    time_elapsed         | 836         |
|    total_timesteps      | 212992      |
| train/                  |             |
|    approx_kl            | 0.009213751 |
|    clip_fraction        | 0.11        |
|    clip_range           | 0.2         |
|    entropy_loss         | -3.96       |
|    explained_variance   | 0.765       |
|    learning_rate        | 0.0001      |
|    loss                 | 0.079       |
|    n_updates            | 60          |
|    policy_gradient_loss | -0.0102     |
|    std                  | 0.904       |
|    value_loss           | 0.227       |
-----------------------------------------
-----------------------------------------
| time/                   |             |
|    fps                  | 257         |
|    iterations           | 14          |
|    time_elapsed         | 891         |
|    total_timesteps      | 229376      |
| train/                  |             |
|    approx_kl            | 0.008423597 |
|    clip_fraction        | 0.105       |
|    clip_range           | 0.2         |
|    entropy_loss         | -3.93       |
|    explained_variance   | 0.803       |
|    learning_rate        | 0.0001      |
|    loss                 | 0.0569      |
|    n_updates            | 65          |
|    policy_gradient_loss | -0.00912    |
|    std                  | 0.894       |
|    value_loss           | 0.169       |
-----------------------------------------
-----------------------------------------
| time/                   |             |
|    fps                  | 260         |
|    iterations           | 15          |
|    time_elapsed         | 942         |
|    total_timesteps      | 245760      |
| train/                  |             |
|    approx_kl            | 0.008386009 |
|    clip_fraction        | 0.0968      |
|    clip_range           | 0.2         |
|    entropy_loss         | -3.9        |
|    explained_variance   | 0.767       |
|    learning_rate        | 0.0001      |
|    loss                 | 0.0978      |
|    n_updates            | 70          |
|    policy_gradient_loss | -0.00729    |
|    std                  | 0.886       |
|    value_loss           | 0.187       |
-----------------------------------------
-----------------------------------------
| time/                   |             |
|    fps                  | 262         |
|    iterations           | 16          |
|    time_elapsed         | 998         |
|    total_timesteps      | 262144      |
| train/                  |             |
|    approx_kl            | 0.009461071 |
|    clip_fraction        | 0.117       |
|    clip_range           | 0.2         |
|    entropy_loss         | -3.87       |
|    explained_variance   | 0.681       |
|    learning_rate        | 0.0001      |
|    loss                 | 0.095       |
|    n_updates            | 75          |
|    policy_gradient_loss | -0.00885    |
|    std                  | 0.879       |
|    value_loss           | 0.197       |
-----------------------------------------
saved checkpoint: /workspace/HAIC-Money/runs/20260920-044445_ppo-cnn-sampled-noobs-v1/checkpoints/ppo_baseline_262144_steps.zip
[eval @ 262144] seen finish_rate=0.00 progress=0.273 | holdout finish_rate=0.00 progress=0.301 best=True
saved model: /workspace/HAIC-Money/runs/20260920-044445_ppo-cnn-sampled-noobs-v1/model.zip
saved vecnormalize: /workspace/HAIC-Money/runs/20260920-044445_ppo-cnn-sampled-noobs-v1/model_vecnormalize.pkl
=== 학습 완료 ===
