run_dir: /workspace/HAIC-Money/runs/20260920-193209_ppo-cnn-markov-prior-steering-v1
=== HAIC PPO 학습 시작 ===
variables version: variables-6
track_ids: [1, 2, 3]
seeds: [42, 1337, 2024, 777]
training track mode: sampled sampler_seed: 930 obstacles: official
n_envs: 16  total_timesteps: 1048576
reward_shaping: True  norm_reward: True collision_penalty: 0.0
action smoothing: steering-ema config={'schema_version': 1, 'method': 'alpha', 'alpha': [0.35, 1.0, 1.0], 'max_delta': None, 'initial_action': [0.0, 0.0, 0.0], 'low': [-1.0, 0.0, 0.0], 'high': [1.0, 1.0, 1.0], 'update_unit': 'policy_action', 'clip_order': 'before_and_after'}
action control: previous-steering-plane config={'schema_version': 1, 'method': 'previous_applied_steering_plane', 'input_channels': 5, 'plane_index': 4, 'encoding': 'affine_-1_1_to_0_1', 'timing': 'before_policy_action', 'constant_value': None}
target_kl: 0.03
seen eval seeds: [13001, 13002, 13003, 13004, 13005, 13006, 13007, 13008]
holdout eval seeds: [13101, 13102, 13103, 13104, 13105, 13106, 13107, 13108]
Using cuda device
------------------------------
| time/              |       |
|    fps             | 262   |
|    iterations      | 1     |
|    time_elapsed    | 62    |
|    total_timesteps | 16384 |
------------------------------
------------------------------------------
| time/                   |              |
|    fps                  | 230          |
|    iterations           | 2            |
|    time_elapsed         | 141          |
|    total_timesteps      | 32768        |
| train/                  |              |
|    approx_kl            | 0.0071439752 |
|    clip_fraction        | 0.0771       |
|    clip_range           | 0.2          |
|    entropy_loss         | -4.25        |
|    explained_variance   | -0.101       |
|    learning_rate        | 0.0001       |
|    loss                 | 0.037        |
|    n_updates            | 5            |
|    policy_gradient_loss | -0.00764     |
|    std                  | 0.994        |
|    value_loss           | 0.338        |
------------------------------------------
------------------------------------------
| time/                   |              |
|    fps                  | 222          |
|    iterations           | 3            |
|    time_elapsed         | 220          |
|    total_timesteps      | 49152        |
| train/                  |              |
|    approx_kl            | 0.0063749524 |
|    clip_fraction        | 0.0613       |
|    clip_range           | 0.2          |
|    entropy_loss         | -4.22        |
|    explained_variance   | 0.45         |
|    learning_rate        | 0.0001       |
|    loss                 | 0.00605      |
|    n_updates            | 10           |
|    policy_gradient_loss | -0.00802     |
|    std                  | 0.982        |
|    value_loss           | 0.056        |
------------------------------------------
------------------------------------------
| time/                   |              |
|    fps                  | 224          |
|    iterations           | 4            |
|    time_elapsed         | 292          |
|    total_timesteps      | 65536        |
| train/                  |              |
|    approx_kl            | 0.0074142916 |
|    clip_fraction        | 0.0834       |
|    clip_range           | 0.2          |
|    entropy_loss         | -4.19        |
|    explained_variance   | 0.699        |
|    learning_rate        | 0.0001       |
|    loss                 | 0.0323       |
|    n_updates            | 15           |
|    policy_gradient_loss | -0.0104      |
|    std                  | 0.974        |
|    value_loss           | 0.0818       |
------------------------------------------
-----------------------------------------
| time/                   |             |
|    fps                  | 223         |
|    iterations           | 5           |
|    time_elapsed         | 367         |
|    total_timesteps      | 81920       |
| train/                  |             |
|    approx_kl            | 0.008723721 |
|    clip_fraction        | 0.113       |
|    clip_range           | 0.2         |
|    entropy_loss         | -4.16       |
|    explained_variance   | 0.73        |
|    learning_rate        | 0.0001      |
|    loss                 | 0.0583      |
|    n_updates            | 20          |
|    policy_gradient_loss | -0.0132     |
|    std                  | 0.965       |
|    value_loss           | 0.115       |
-----------------------------------------
-----------------------------------------
| time/                   |             |
|    fps                  | 225         |
|    iterations           | 6           |
|    time_elapsed         | 436         |
|    total_timesteps      | 98304       |
| train/                  |             |
|    approx_kl            | 0.008746246 |
|    clip_fraction        | 0.109       |
|    clip_range           | 0.2         |
|    entropy_loss         | -4.13       |
|    explained_variance   | 0.756       |
|    learning_rate        | 0.0001      |
|    loss                 | 0.0533      |
|    n_updates            | 25          |
|    policy_gradient_loss | -0.0126     |
|    std                  | 0.956       |
|    value_loss           | 0.145       |
-----------------------------------------
----------------------------------------
| time/                   |            |
|    fps                  | 228        |
|    iterations           | 7          |
|    time_elapsed         | 502        |
|    total_timesteps      | 114688     |
| train/                  |            |
|    approx_kl            | 0.00828708 |
|    clip_fraction        | 0.113      |
|    clip_range           | 0.2        |
|    entropy_loss         | -4.11      |
|    explained_variance   | 0.755      |
|    learning_rate        | 0.0001     |
|    loss                 | 0.0375     |
|    n_updates            | 30         |
|    policy_gradient_loss | -0.0112    |
|    std                  | 0.95       |
|    value_loss           | 0.14       |
----------------------------------------
-----------------------------------------
| time/                   |             |
|    fps                  | 229         |
|    iterations           | 8           |
|    time_elapsed         | 570         |
|    total_timesteps      | 131072      |
| train/                  |             |
|    approx_kl            | 0.008406315 |
|    clip_fraction        | 0.112       |
|    clip_range           | 0.2         |
|    entropy_loss         | -4.09       |
|    explained_variance   | 0.678       |
|    learning_rate        | 0.0001      |
|    loss                 | 0.0406      |
|    n_updates            | 35          |
|    policy_gradient_loss | -0.0106     |
|    std                  | 0.94        |
|    value_loss           | 0.168       |
-----------------------------------------
-----------------------------------------
| time/                   |             |
|    fps                  | 231         |
|    iterations           | 9           |
|    time_elapsed         | 636         |
|    total_timesteps      | 147456      |
| train/                  |             |
|    approx_kl            | 0.009654431 |
|    clip_fraction        | 0.119       |
|    clip_range           | 0.2         |
|    entropy_loss         | -4.06       |
|    explained_variance   | 0.788       |
|    learning_rate        | 0.0001      |
|    loss                 | 0.0591      |
|    n_updates            | 40          |
|    policy_gradient_loss | -0.011      |
|    std                  | 0.932       |
|    value_loss           | 0.152       |
-----------------------------------------
-----------------------------------------
| time/                   |             |
|    fps                  | 231         |
|    iterations           | 10          |
|    time_elapsed         | 707         |
|    total_timesteps      | 163840      |
| train/                  |             |
|    approx_kl            | 0.007997392 |
|    clip_fraction        | 0.106       |
|    clip_range           | 0.2         |
|    entropy_loss         | -4.03       |
|    explained_variance   | 0.756       |
|    learning_rate        | 0.0001      |
|    loss                 | 0.0661      |
|    n_updates            | 45          |
|    policy_gradient_loss | -0.0101     |
|    std                  | 0.923       |
|    value_loss           | 0.178       |
-----------------------------------------
----------------------------------------
| time/                   |            |
|    fps                  | 231        |
|    iterations           | 11         |
|    time_elapsed         | 779        |
|    total_timesteps      | 180224     |
| train/                  |            |
|    approx_kl            | 0.00828047 |
|    clip_fraction        | 0.102      |
|    clip_range           | 0.2        |
|    entropy_loss         | -4         |
|    explained_variance   | 0.786      |
|    learning_rate        | 0.0001     |
|    loss                 | 0.101      |
|    n_updates            | 50         |
|    policy_gradient_loss | -0.00702   |
|    std                  | 0.916      |
|    value_loss           | 0.228      |
----------------------------------------
-----------------------------------------
| time/                   |             |
|    fps                  | 231         |
|    iterations           | 12          |
|    time_elapsed         | 849         |
|    total_timesteps      | 196608      |
| train/                  |             |
|    approx_kl            | 0.010119022 |
|    clip_fraction        | 0.106       |
|    clip_range           | 0.2         |
|    entropy_loss         | -3.98       |
|    explained_variance   | 0.77        |
|    learning_rate        | 0.0001      |
|    loss                 | 0.0946      |
|    n_updates            | 55          |
|    policy_gradient_loss | -0.00862    |
|    std                  | 0.908       |
|    value_loss           | 0.252       |
-----------------------------------------
----------------------------------------
| time/                   |            |
|    fps                  | 230        |
|    iterations           | 13         |
|    time_elapsed         | 923        |
|    total_timesteps      | 212992     |
| train/                  |            |
|    approx_kl            | 0.00844921 |
|    clip_fraction        | 0.0964     |
|    clip_range           | 0.2        |
|    entropy_loss         | -3.95      |
|    explained_variance   | 0.784      |
|    learning_rate        | 0.0001     |
|    loss                 | 0.124      |
|    n_updates            | 60         |
|    policy_gradient_loss | -0.00617   |
|    std                  | 0.903      |
|    value_loss           | 0.242      |
----------------------------------------
-----------------------------------------
| time/                   |             |
|    fps                  | 230         |
|    iterations           | 14          |
|    time_elapsed         | 994         |
|    total_timesteps      | 229376      |
| train/                  |             |
|    approx_kl            | 0.009026231 |
|    clip_fraction        | 0.102       |
|    clip_range           | 0.2         |
|    entropy_loss         | -3.94       |
|    explained_variance   | 0.837       |
|    learning_rate        | 0.0001      |
|    loss                 | 0.0867      |
|    n_updates            | 65          |
|    policy_gradient_loss | -0.00548    |
|    std                  | 0.899       |
|    value_loss           | 0.242       |
-----------------------------------------
------------------------------------------
| time/                   |              |
|    fps                  | 229          |
|    iterations           | 15           |
|    time_elapsed         | 1070         |
|    total_timesteps      | 245760       |
| train/                  |              |
|    approx_kl            | 0.0102614835 |
|    clip_fraction        | 0.127        |
|    clip_range           | 0.2          |
|    entropy_loss         | -3.92        |
|    explained_variance   | 0.823        |
|    learning_rate        | 0.0001       |
|    loss                 | 0.0981       |
|    n_updates            | 70           |
|    policy_gradient_loss | -0.00474     |
|    std                  | 0.893        |
|    value_loss           | 0.207        |
------------------------------------------
-----------------------------------------
| time/                   |             |
|    fps                  | 229         |
|    iterations           | 16          |
|    time_elapsed         | 1143        |
|    total_timesteps      | 262144      |
| train/                  |             |
|    approx_kl            | 0.010149489 |
|    clip_fraction        | 0.112       |
|    clip_range           | 0.2         |
|    entropy_loss         | -3.9        |
|    explained_variance   | 0.82        |
|    learning_rate        | 0.0001      |
|    loss                 | 0.112       |
|    n_updates            | 75          |
|    policy_gradient_loss | -0.00575    |
|    std                  | 0.887       |
|    value_loss           | 0.232       |
-----------------------------------------
saved checkpoint: /workspace/HAIC-Money/runs/20260920-193209_ppo-cnn-markov-prior-steering-v1/checkpoints/ppo_baseline_262144_steps.zip
[eval @ 262144] seen finish_rate=0.00 progress=0.230 | holdout finish_rate=0.00 progress=0.240 best=True
-------------------------------
| time/              |        |
|    fps             | 263    |
|    iterations      | 1      |
|    time_elapsed    | 62     |
|    total_timesteps | 278528 |
-------------------------------
-----------------------------------------
| time/                   |             |
|    fps                  | 246         |
|    iterations           | 2           |
|    time_elapsed         | 133         |
|    total_timesteps      | 294912      |
| train/                  |             |
|    approx_kl            | 0.011871462 |
|    clip_fraction        | 0.125       |
|    clip_range           | 0.2         |
|    entropy_loss         | -3.86       |
|    explained_variance   | 0.825       |
|    learning_rate        | 0.0001      |
|    loss                 | 0.0773      |
|    n_updates            | 85          |
|    policy_gradient_loss | -0.00725    |
|    std                  | 0.877       |
|    value_loss           | 0.189       |
-----------------------------------------
-----------------------------------------
| time/                   |             |
|    fps                  | 236         |
|    iterations           | 3           |
|    time_elapsed         | 207         |
|    total_timesteps      | 311296      |
| train/                  |             |
|    approx_kl            | 0.009751005 |
|    clip_fraction        | 0.121       |
|    clip_range           | 0.2         |
|    entropy_loss         | -3.84       |
|    explained_variance   | 0.822       |
|    learning_rate        | 0.0001      |
|    loss                 | 0.111       |
|    n_updates            | 90          |
|    policy_gradient_loss | -0.0084     |
|    std                  | 0.87        |
|    value_loss           | 0.222       |
-----------------------------------------
-----------------------------------------
| time/                   |             |
|    fps                  | 231         |
|    iterations           | 4           |
|    time_elapsed         | 283         |
|    total_timesteps      | 327680      |
| train/                  |             |
|    approx_kl            | 0.009200071 |
|    clip_fraction        | 0.113       |
|    clip_range           | 0.2         |
|    entropy_loss         | -3.82       |
|    explained_variance   | 0.783       |
|    learning_rate        | 0.0001      |
|    loss                 | 0.116       |
|    n_updates            | 95          |
|    policy_gradient_loss | -0.00631    |
|    std                  | 0.867       |
|    value_loss           | 0.242       |
-----------------------------------------
----------------------------------------
| time/                   |            |
|    fps                  | 227        |
|    iterations           | 5          |
|    time_elapsed         | 359        |
|    total_timesteps      | 344064     |
| train/                  |            |
|    approx_kl            | 0.01014653 |
|    clip_fraction        | 0.123      |
|    clip_range           | 0.2        |
|    entropy_loss         | -3.81      |
|    explained_variance   | 0.823      |
|    learning_rate        | 0.0001     |
|    loss                 | 0.0774     |
|    n_updates            | 100        |
|    policy_gradient_loss | -0.00795   |
|    std                  | 0.862      |
|    value_loss           | 0.222      |
----------------------------------------
-----------------------------------------
| time/                   |             |
|    fps                  | 225         |
|    iterations           | 6           |
|    time_elapsed         | 436         |
|    total_timesteps      | 360448      |
| train/                  |             |
|    approx_kl            | 0.011232302 |
|    clip_fraction        | 0.135       |
|    clip_range           | 0.2         |
|    entropy_loss         | -3.79       |
|    explained_variance   | 0.79        |
|    learning_rate        | 0.0001      |
|    loss                 | 0.109       |
|    n_updates            | 105         |
|    policy_gradient_loss | -0.00916    |
|    std                  | 0.857       |
|    value_loss           | 0.234       |
-----------------------------------------
-----------------------------------------
| time/                   |             |
|    fps                  | 224         |
|    iterations           | 7           |
|    time_elapsed         | 511         |
|    total_timesteps      | 376832      |
| train/                  |             |
|    approx_kl            | 0.009974994 |
|    clip_fraction        | 0.134       |
|    clip_range           | 0.2         |
|    entropy_loss         | -3.78       |
|    explained_variance   | 0.803       |
|    learning_rate        | 0.0001      |
|    loss                 | 0.0702      |
|    n_updates            | 110         |
|    policy_gradient_loss | -0.00838    |
|    std                  | 0.855       |
|    value_loss           | 0.232       |
-----------------------------------------
-----------------------------------------
| time/                   |             |
|    fps                  | 222         |
|    iterations           | 8           |
|    time_elapsed         | 587         |
|    total_timesteps      | 393216      |
| train/                  |             |
|    approx_kl            | 0.010496695 |
|    clip_fraction        | 0.137       |
|    clip_range           | 0.2         |
|    entropy_loss         | -3.77       |
|    explained_variance   | 0.802       |
|    learning_rate        | 0.0001      |
|    loss                 | 0.086       |
|    n_updates            | 115         |
|    policy_gradient_loss | -0.00794    |
|    std                  | 0.852       |
|    value_loss           | 0.243       |
-----------------------------------------
-----------------------------------------
| time/                   |             |
|    fps                  | 222         |
|    iterations           | 9           |
|    time_elapsed         | 662         |
|    total_timesteps      | 409600      |
| train/                  |             |
|    approx_kl            | 0.011168298 |
|    clip_fraction        | 0.138       |
|    clip_range           | 0.2         |
|    entropy_loss         | -3.76       |
|    explained_variance   | 0.806       |
|    learning_rate        | 0.0001      |
|    loss                 | 0.0957      |
|    n_updates            | 120         |
|    policy_gradient_loss | -0.00782    |
|    std                  | 0.849       |
|    value_loss           | 0.24        |
-----------------------------------------
-----------------------------------------
| time/                   |             |
|    fps                  | 221         |
|    iterations           | 10          |
|    time_elapsed         | 739         |
|    total_timesteps      | 425984      |
| train/                  |             |
|    approx_kl            | 0.012421369 |
|    clip_fraction        | 0.139       |
|    clip_range           | 0.2         |
|    entropy_loss         | -3.74       |
|    explained_variance   | 0.809       |
|    learning_rate        | 0.0001      |
|    loss                 | 0.0791      |
|    n_updates            | 125         |
|    policy_gradient_loss | -0.0105     |
|    std                  | 0.844       |
|    value_loss           | 0.223       |
-----------------------------------------
-----------------------------------------
| time/                   |             |
|    fps                  | 221         |
|    iterations           | 11          |
|    time_elapsed         | 812         |
|    total_timesteps      | 442368      |
| train/                  |             |
|    approx_kl            | 0.010556379 |
|    clip_fraction        | 0.141       |
|    clip_range           | 0.2         |
|    entropy_loss         | -3.73       |
|    explained_variance   | 0.826       |
|    learning_rate        | 0.0001      |
|    loss                 | 0.0864      |
|    n_updates            | 130         |
|    policy_gradient_loss | -0.00945    |
|    std                  | 0.841       |
|    value_loss           | 0.204       |
-----------------------------------------
------------------------------------------
| time/                   |              |
|    fps                  | 221          |
|    iterations           | 12           |
|    time_elapsed         | 889          |
|    total_timesteps      | 458752       |
| train/                  |              |
|    approx_kl            | 0.0111822635 |
|    clip_fraction        | 0.133        |
|    clip_range           | 0.2          |
|    entropy_loss         | -3.72        |
|    explained_variance   | 0.816        |
|    learning_rate        | 0.0001       |
|    loss                 | 0.0793       |
|    n_updates            | 135          |
|    policy_gradient_loss | -0.00945     |
|    std                  | 0.837        |
|    value_loss           | 0.216        |
------------------------------------------
-----------------------------------------
| time/                   |             |
|    fps                  | 220         |
|    iterations           | 13          |
|    time_elapsed         | 966         |
|    total_timesteps      | 475136      |
| train/                  |             |
|    approx_kl            | 0.011818457 |
|    clip_fraction        | 0.134       |
|    clip_range           | 0.2         |
|    entropy_loss         | -3.7        |
|    explained_variance   | 0.796       |
|    learning_rate        | 0.0001      |
|    loss                 | 0.0515      |
|    n_updates            | 140         |
|    policy_gradient_loss | -0.00895    |
|    std                  | 0.834       |
|    value_loss           | 0.222       |
-----------------------------------------
----------------------------------------
| time/                   |            |
|    fps                  | 220        |
|    iterations           | 14         |
|    time_elapsed         | 1040       |
|    total_timesteps      | 491520     |
| train/                  |            |
|    approx_kl            | 0.01107362 |
|    clip_fraction        | 0.131      |
|    clip_range           | 0.2        |
|    entropy_loss         | -3.69      |
|    explained_variance   | 0.798      |
|    learning_rate        | 0.0001     |
|    loss                 | 0.0712     |
|    n_updates            | 145        |
|    policy_gradient_loss | -0.00971   |
|    std                  | 0.83       |
|    value_loss           | 0.222      |
----------------------------------------
----------------------------------------
| time/                   |            |
|    fps                  | 219        |
|    iterations           | 15         |
|    time_elapsed         | 1121       |
|    total_timesteps      | 507904     |
| train/                  |            |
|    approx_kl            | 0.01179304 |
|    clip_fraction        | 0.14       |
|    clip_range           | 0.2        |
|    entropy_loss         | -3.68      |
|    explained_variance   | 0.789      |
|    learning_rate        | 0.0001     |
|    loss                 | 0.0808     |
|    n_updates            | 150        |
|    policy_gradient_loss | -0.00977   |
|    std                  | 0.825      |
|    value_loss           | 0.198      |
----------------------------------------
-----------------------------------------
| time/                   |             |
|    fps                  | 218         |
|    iterations           | 16          |
|    time_elapsed         | 1201        |
|    total_timesteps      | 524288      |
| train/                  |             |
|    approx_kl            | 0.011397301 |
|    clip_fraction        | 0.138       |
|    clip_range           | 0.2         |
|    entropy_loss         | -3.66       |
|    explained_variance   | 0.761       |
|    learning_rate        | 0.0001      |
|    loss                 | 0.122       |
|    n_updates            | 155         |
|    policy_gradient_loss | -0.00996    |
|    std                  | 0.822       |
|    value_loss           | 0.228       |
-----------------------------------------
saved checkpoint: /workspace/HAIC-Money/runs/20260920-193209_ppo-cnn-markov-prior-steering-v1/checkpoints/ppo_baseline_524288_steps.zip
[eval @ 524288] seen finish_rate=0.00 progress=0.307 | holdout finish_rate=0.00 progress=0.350 best=True
-------------------------------
| time/              |        |
|    fps             | 239    |
|    iterations      | 1      |
|    time_elapsed    | 68     |
|    total_timesteps | 540672 |
-------------------------------
-----------------------------------------
| time/                   |             |
|    fps                  | 224         |
|    iterations           | 2           |
|    time_elapsed         | 145         |
|    total_timesteps      | 557056      |
| train/                  |             |
|    approx_kl            | 0.012127647 |
|    clip_fraction        | 0.148       |
|    clip_range           | 0.2         |
|    entropy_loss         | -3.65       |
|    explained_variance   | 0.826       |
|    learning_rate        | 0.0001      |
|    loss                 | 0.0769      |
|    n_updates            | 165         |
|    policy_gradient_loss | -0.00902    |
|    std                  | 0.821       |
|    value_loss           | 0.171       |
-----------------------------------------
------------------------------------------
| time/                   |              |
|    fps                  | 223          |
|    iterations           | 3            |
|    time_elapsed         | 219          |
|    total_timesteps      | 573440       |
| train/                  |              |
|    approx_kl            | 0.0111998115 |
|    clip_fraction        | 0.149        |
|    clip_range           | 0.2          |
|    entropy_loss         | -3.65        |
|    explained_variance   | 0.806        |
|    learning_rate        | 0.0001       |
|    loss                 | 0.0722       |
|    n_updates            | 170          |
|    policy_gradient_loss | -0.0102      |
|    std                  | 0.82         |
|    value_loss           | 0.188        |
------------------------------------------
-----------------------------------------
| time/                   |             |
|    fps                  | 223         |
|    iterations           | 4           |
|    time_elapsed         | 292         |
|    total_timesteps      | 589824      |
| train/                  |             |
|    approx_kl            | 0.012693849 |
|    clip_fraction        | 0.153       |
|    clip_range           | 0.2         |
|    entropy_loss         | -3.64       |
|    explained_variance   | 0.81        |
|    learning_rate        | 0.0001      |
|    loss                 | 0.0509      |
|    n_updates            | 175         |
|    policy_gradient_loss | -0.0126     |
|    std                  | 0.816       |
|    value_loss           | 0.177       |
-----------------------------------------
-----------------------------------------
| time/                   |             |
|    fps                  | 221         |
|    iterations           | 5           |
|    time_elapsed         | 370         |
|    total_timesteps      | 606208      |
| train/                  |             |
|    approx_kl            | 0.012657793 |
|    clip_fraction        | 0.152       |
|    clip_range           | 0.2         |
|    entropy_loss         | -3.62       |
|    explained_variance   | 0.775       |
|    learning_rate        | 0.0001      |
|    loss                 | 0.0751      |
|    n_updates            | 180         |
|    policy_gradient_loss | -0.0106     |
|    std                  | 0.812       |
|    value_loss           | 0.186       |
-----------------------------------------
-----------------------------------------
| time/                   |             |
|    fps                  | 220         |
|    iterations           | 6           |
|    time_elapsed         | 445         |
|    total_timesteps      | 622592      |
| train/                  |             |
|    approx_kl            | 0.013890788 |
|    clip_fraction        | 0.161       |
|    clip_range           | 0.2         |
|    entropy_loss         | -3.61       |
|    explained_variance   | 0.802       |
|    learning_rate        | 0.0001      |
|    loss                 | 0.0554      |
|    n_updates            | 185         |
|    policy_gradient_loss | -0.0123     |
|    std                  | 0.807       |
|    value_loss           | 0.191       |
-----------------------------------------
-----------------------------------------
| time/                   |             |
|    fps                  | 217         |
|    iterations           | 7           |
|    time_elapsed         | 526         |
|    total_timesteps      | 638976      |
| train/                  |             |
|    approx_kl            | 0.014260232 |
|    clip_fraction        | 0.165       |
|    clip_range           | 0.2         |
|    entropy_loss         | -3.59       |
|    explained_variance   | 0.786       |
|    learning_rate        | 0.0001      |
|    loss                 | 0.0756      |
|    n_updates            | 190         |
|    policy_gradient_loss | -0.0127     |
|    std                  | 0.803       |
|    value_loss           | 0.201       |
-----------------------------------------
-----------------------------------------
| time/                   |             |
|    fps                  | 217         |
|    iterations           | 8           |
|    time_elapsed         | 603         |
|    total_timesteps      | 655360      |
| train/                  |             |
|    approx_kl            | 0.013340603 |
|    clip_fraction        | 0.165       |
|    clip_range           | 0.2         |
|    entropy_loss         | -3.57       |
|    explained_variance   | 0.817       |
|    learning_rate        | 0.0001      |
|    loss                 | 0.0393      |
|    n_updates            | 195         |
|    policy_gradient_loss | -0.0114     |
|    std                  | 0.798       |
|    value_loss           | 0.189       |
-----------------------------------------
-----------------------------------------
| time/                   |             |
|    fps                  | 216         |
|    iterations           | 9           |
|    time_elapsed         | 679         |
|    total_timesteps      | 671744      |
| train/                  |             |
|    approx_kl            | 0.014492672 |
|    clip_fraction        | 0.17        |
|    clip_range           | 0.2         |
|    entropy_loss         | -3.56       |
|    explained_variance   | 0.807       |
|    learning_rate        | 0.0001      |
|    loss                 | 0.0885      |
|    n_updates            | 200         |
|    policy_gradient_loss | -0.0128     |
|    std                  | 0.794       |
|    value_loss           | 0.201       |
-----------------------------------------
-----------------------------------------
| time/                   |             |
|    fps                  | 215         |
|    iterations           | 10          |
|    time_elapsed         | 760         |
|    total_timesteps      | 688128      |
| train/                  |             |
|    approx_kl            | 0.011871565 |
|    clip_fraction        | 0.158       |
|    clip_range           | 0.2         |
|    entropy_loss         | -3.54       |
|    explained_variance   | 0.794       |
|    learning_rate        | 0.0001      |
|    loss                 | 0.0824      |
|    n_updates            | 205         |
|    policy_gradient_loss | -0.0113     |
|    std                  | 0.791       |
|    value_loss           | 0.208       |
-----------------------------------------
-----------------------------------------
| time/                   |             |
|    fps                  | 215         |
|    iterations           | 11          |
|    time_elapsed         | 836         |
|    total_timesteps      | 704512      |
| train/                  |             |
|    approx_kl            | 0.013492761 |
|    clip_fraction        | 0.172       |
|    clip_range           | 0.2         |
|    entropy_loss         | -3.53       |
|    explained_variance   | 0.809       |
|    learning_rate        | 0.0001      |
|    loss                 | 0.0703      |
|    n_updates            | 210         |
|    policy_gradient_loss | -0.0145     |
|    std                  | 0.788       |
|    value_loss           | 0.215       |
-----------------------------------------
-----------------------------------------
| time/                   |             |
|    fps                  | 214         |
|    iterations           | 12          |
|    time_elapsed         | 918         |
|    total_timesteps      | 720896      |
| train/                  |             |
|    approx_kl            | 0.014886144 |
|    clip_fraction        | 0.17        |
|    clip_range           | 0.2         |
|    entropy_loss         | -3.52       |
|    explained_variance   | 0.802       |
|    learning_rate        | 0.0001      |
|    loss                 | 0.0691      |
|    n_updates            | 215         |
|    policy_gradient_loss | -0.0126     |
|    std                  | 0.786       |
|    value_loss           | 0.215       |
-----------------------------------------
-----------------------------------------
| time/                   |             |
|    fps                  | 213         |
|    iterations           | 13          |
|    time_elapsed         | 996         |
|    total_timesteps      | 737280      |
| train/                  |             |
|    approx_kl            | 0.014529416 |
|    clip_fraction        | 0.174       |
|    clip_range           | 0.2         |
|    entropy_loss         | -3.51       |
|    explained_variance   | 0.802       |
|    learning_rate        | 0.0001      |
|    loss                 | 0.088       |
|    n_updates            | 220         |
|    policy_gradient_loss | -0.0127     |
|    std                  | 0.785       |
|    value_loss           | 0.223       |
-----------------------------------------
-----------------------------------------
| time/                   |             |
|    fps                  | 212         |
|    iterations           | 14          |
|    time_elapsed         | 1080        |
|    total_timesteps      | 753664      |
| train/                  |             |
|    approx_kl            | 0.015752759 |
|    clip_fraction        | 0.174       |
|    clip_range           | 0.2         |
|    entropy_loss         | -3.51       |
|    explained_variance   | 0.802       |
|    learning_rate        | 0.0001      |
|    loss                 | 0.0569      |
|    n_updates            | 225         |
|    policy_gradient_loss | -0.0135     |
|    std                  | 0.782       |
|    value_loss           | 0.208       |
-----------------------------------------
-----------------------------------------
| time/                   |             |
|    fps                  | 212         |
|    iterations           | 15          |
|    time_elapsed         | 1158        |
|    total_timesteps      | 770048      |
| train/                  |             |
|    approx_kl            | 0.014461764 |
|    clip_fraction        | 0.177       |
|    clip_range           | 0.2         |
|    entropy_loss         | -3.49       |
|    explained_variance   | 0.797       |
|    learning_rate        | 0.0001      |
|    loss                 | 0.0519      |
|    n_updates            | 230         |
|    policy_gradient_loss | -0.0139     |
|    std                  | 0.78        |
|    value_loss           | 0.208       |
-----------------------------------------
-----------------------------------------
| time/                   |             |
|    fps                  | 212         |
|    iterations           | 16          |
|    time_elapsed         | 1234        |
|    total_timesteps      | 786432      |
| train/                  |             |
|    approx_kl            | 0.014821445 |
|    clip_fraction        | 0.178       |
|    clip_range           | 0.2         |
|    entropy_loss         | -3.49       |
|    explained_variance   | 0.818       |
|    learning_rate        | 0.0001      |
|    loss                 | 0.0829      |
|    n_updates            | 235         |
|    policy_gradient_loss | -0.0144     |
|    std                  | 0.777       |
|    value_loss           | 0.192       |
-----------------------------------------
saved checkpoint: /workspace/HAIC-Money/runs/20260920-193209_ppo-cnn-markov-prior-steering-v1/checkpoints/ppo_baseline_786432_steps.zip
[eval @ 786432] seen finish_rate=0.00 progress=0.352 | holdout finish_rate=0.00 progress=0.343 best=False
-------------------------------
| time/              |        |
|    fps             | 236    |
|    iterations      | 1      |
|    time_elapsed    | 69     |
|    total_timesteps | 802816 |
-------------------------------
-----------------------------------------
| time/                   |             |
|    fps                  | 230         |
|    iterations           | 2           |
|    time_elapsed         | 141         |
|    total_timesteps      | 819200      |
| train/                  |             |
|    approx_kl            | 0.015536262 |
|    clip_fraction        | 0.18        |
|    clip_range           | 0.2         |
|    entropy_loss         | -3.46       |
|    explained_variance   | 0.815       |
|    learning_rate        | 0.0001      |
|    loss                 | 0.0625      |
|    n_updates            | 245         |
|    policy_gradient_loss | -0.0154     |
|    std                  | 0.771       |
|    value_loss           | 0.196       |
-----------------------------------------
-----------------------------------------
| time/                   |             |
|    fps                  | 221         |
|    iterations           | 3           |
|    time_elapsed         | 221         |
|    total_timesteps      | 835584      |
| train/                  |             |
|    approx_kl            | 0.014766484 |
|    clip_fraction        | 0.183       |
|    clip_range           | 0.2         |
|    entropy_loss         | -3.45       |
|    explained_variance   | 0.79        |
|    learning_rate        | 0.0001      |
|    loss                 | 0.0706      |
|    n_updates            | 250         |
|    policy_gradient_loss | -0.0143     |
|    std                  | 0.767       |
|    value_loss           | 0.202       |
-----------------------------------------
-----------------------------------------
| time/                   |             |
|    fps                  | 218         |
|    iterations           | 4           |
|    time_elapsed         | 299         |
|    total_timesteps      | 851968      |
| train/                  |             |
|    approx_kl            | 0.016149383 |
|    clip_fraction        | 0.192       |
|    clip_range           | 0.2         |
|    entropy_loss         | -3.44       |
|    explained_variance   | 0.789       |
|    learning_rate        | 0.0001      |
|    loss                 | 0.0674      |
|    n_updates            | 255         |
|    policy_gradient_loss | -0.0166     |
|    std                  | 0.766       |
|    value_loss           | 0.201       |
-----------------------------------------
-----------------------------------------
| time/                   |             |
|    fps                  | 216         |
|    iterations           | 5           |
|    time_elapsed         | 378         |
|    total_timesteps      | 868352      |
| train/                  |             |
|    approx_kl            | 0.014873439 |
|    clip_fraction        | 0.185       |
|    clip_range           | 0.2         |
|    entropy_loss         | -3.43       |
|    explained_variance   | 0.815       |
|    learning_rate        | 0.0001      |
|    loss                 | 0.0568      |
|    n_updates            | 260         |
|    policy_gradient_loss | -0.0139     |
|    std                  | 0.765       |
|    value_loss           | 0.196       |
-----------------------------------------
-----------------------------------------
| time/                   |             |
|    fps                  | 214         |
|    iterations           | 6           |
|    time_elapsed         | 458         |
|    total_timesteps      | 884736      |
| train/                  |             |
|    approx_kl            | 0.017336477 |
|    clip_fraction        | 0.182       |
|    clip_range           | 0.2         |
|    entropy_loss         | -3.42       |
|    explained_variance   | 0.8         |
|    learning_rate        | 0.0001      |
|    loss                 | 0.0624      |
|    n_updates            | 265         |
|    policy_gradient_loss | -0.0142     |
|    std                  | 0.761       |
|    value_loss           | 0.204       |
-----------------------------------------
-----------------------------------------
| time/                   |             |
|    fps                  | 216         |
|    iterations           | 7           |
|    time_elapsed         | 530         |
|    total_timesteps      | 901120      |
| train/                  |             |
|    approx_kl            | 0.017928025 |
|    clip_fraction        | 0.194       |
|    clip_range           | 0.2         |
|    entropy_loss         | -3.41       |
|    explained_variance   | 0.796       |
|    learning_rate        | 0.0001      |
|    loss                 | 0.0974      |
|    n_updates            | 270         |
|    policy_gradient_loss | -0.0151     |
|    std                  | 0.759       |
|    value_loss           | 0.194       |
-----------------------------------------
-----------------------------------------
| time/                   |             |
|    fps                  | 215         |
|    iterations           | 8           |
|    time_elapsed         | 608         |
|    total_timesteps      | 917504      |
| train/                  |             |
|    approx_kl            | 0.016725779 |
|    clip_fraction        | 0.197       |
|    clip_range           | 0.2         |
|    entropy_loss         | -3.4        |
|    explained_variance   | 0.815       |
|    learning_rate        | 0.0001      |
|    loss                 | 0.0569      |
|    n_updates            | 275         |
|    policy_gradient_loss | -0.0149     |
|    std                  | 0.755       |
|    value_loss           | 0.182       |
-----------------------------------------
-----------------------------------------
| time/                   |             |
|    fps                  | 215         |
|    iterations           | 9           |
|    time_elapsed         | 684         |
|    total_timesteps      | 933888      |
| train/                  |             |
|    approx_kl            | 0.017532937 |
|    clip_fraction        | 0.188       |
|    clip_range           | 0.2         |
|    entropy_loss         | -3.38       |
|    explained_variance   | 0.782       |
|    learning_rate        | 0.0001      |
|    loss                 | 0.0726      |
|    n_updates            | 280         |
|    policy_gradient_loss | -0.0135     |
|    std                  | 0.753       |
|    value_loss           | 0.196       |
-----------------------------------------
-----------------------------------------
| time/                   |             |
|    fps                  | 215         |
|    iterations           | 10          |
|    time_elapsed         | 761         |
|    total_timesteps      | 950272      |
| train/                  |             |
|    approx_kl            | 0.017348511 |
|    clip_fraction        | 0.208       |
|    clip_range           | 0.2         |
|    entropy_loss         | -3.38       |
|    explained_variance   | 0.8         |
|    learning_rate        | 0.0001      |
|    loss                 | 0.0552      |
|    n_updates            | 285         |
|    policy_gradient_loss | -0.0161     |
|    std                  | 0.751       |
|    value_loss           | 0.195       |
-----------------------------------------
-----------------------------------------
| time/                   |             |
|    fps                  | 215         |
|    iterations           | 11          |
|    time_elapsed         | 836         |
|    total_timesteps      | 966656      |
| train/                  |             |
|    approx_kl            | 0.018420033 |
|    clip_fraction        | 0.199       |
|    clip_range           | 0.2         |
|    entropy_loss         | -3.37       |
|    explained_variance   | 0.755       |
|    learning_rate        | 0.0001      |
|    loss                 | 0.0648      |
|    n_updates            | 290         |
|    policy_gradient_loss | -0.0155     |
|    std                  | 0.75        |
|    value_loss           | 0.224       |
-----------------------------------------
-----------------------------------------
| time/                   |             |
|    fps                  | 215         |
|    iterations           | 12          |
|    time_elapsed         | 913         |
|    total_timesteps      | 983040      |
| train/                  |             |
|    approx_kl            | 0.014923358 |
|    clip_fraction        | 0.194       |
|    clip_range           | 0.2         |
|    entropy_loss         | -3.36       |
|    explained_variance   | 0.787       |
|    learning_rate        | 0.0001      |
|    loss                 | 0.0661      |
|    n_updates            | 295         |
|    policy_gradient_loss | -0.0134     |
|    std                  | 0.748       |
|    value_loss           | 0.217       |
-----------------------------------------
-----------------------------------------
| time/                   |             |
|    fps                  | 214         |
|    iterations           | 13          |
|    time_elapsed         | 990         |
|    total_timesteps      | 999424      |
| train/                  |             |
|    approx_kl            | 0.017527252 |
|    clip_fraction        | 0.199       |
|    clip_range           | 0.2         |
|    entropy_loss         | -3.35       |
|    explained_variance   | 0.787       |
|    learning_rate        | 0.0001      |
|    loss                 | 0.0774      |
|    n_updates            | 300         |
|    policy_gradient_loss | -0.016      |
|    std                  | 0.746       |
|    value_loss           | 0.212       |
-----------------------------------------
-----------------------------------------
| time/                   |             |
|    fps                  | 214         |
|    iterations           | 14          |
|    time_elapsed         | 1069        |
|    total_timesteps      | 1015808     |
| train/                  |             |
|    approx_kl            | 0.016713994 |
|    clip_fraction        | 0.191       |
|    clip_range           | 0.2         |
|    entropy_loss         | -3.35       |
|    explained_variance   | 0.802       |
|    learning_rate        | 0.0001      |
|    loss                 | 0.0482      |
|    n_updates            | 305         |
|    policy_gradient_loss | -0.0172     |
|    std                  | 0.743       |
|    value_loss           | 0.206       |
-----------------------------------------
-----------------------------------------
| time/                   |             |
|    fps                  | 213         |
|    iterations           | 15          |
|    time_elapsed         | 1150        |
|    total_timesteps      | 1032192     |
| train/                  |             |
|    approx_kl            | 0.015997145 |
|    clip_fraction        | 0.195       |
|    clip_range           | 0.2         |
|    entropy_loss         | -3.33       |
|    explained_variance   | 0.769       |
|    learning_rate        | 0.0001      |
|    loss                 | 0.0588      |
|    n_updates            | 310         |
|    policy_gradient_loss | -0.016      |
|    std                  | 0.74        |
|    value_loss           | 0.216       |
-----------------------------------------
-----------------------------------------
| time/                   |             |
|    fps                  | 212         |
|    iterations           | 16          |
|    time_elapsed         | 1233        |
|    total_timesteps      | 1048576     |
| train/                  |             |
|    approx_kl            | 0.016055785 |
|    clip_fraction        | 0.186       |
|    clip_range           | 0.2         |
|    entropy_loss         | -3.32       |
|    explained_variance   | 0.804       |
|    learning_rate        | 0.0001      |
|    loss                 | 0.0935      |
|    n_updates            | 315         |
|    policy_gradient_loss | -0.0152     |
|    std                  | 0.739       |
|    value_loss           | 0.223       |
-----------------------------------------
saved checkpoint: /workspace/HAIC-Money/runs/20260920-193209_ppo-cnn-markov-prior-steering-v1/checkpoints/ppo_baseline_1048576_steps.zip
[eval @ 1048576] seen finish_rate=0.00 progress=0.296 | holdout finish_rate=0.00 progress=0.362 best=True
saved model: /workspace/HAIC-Money/runs/20260920-193209_ppo-cnn-markov-prior-steering-v1/model.zip
saved vecnormalize: /workspace/HAIC-Money/runs/20260920-193209_ppo-cnn-markov-prior-steering-v1/model_vecnormalize.pkl
=== 학습 완료 ===
