run_dir: /workspace/HAIC-Money/runs/20260919-071218_ppo-cnn-baseline1-server
=== HAIC PPO 학습 시작 ===
variables version: variables-6
track_ids: [1]
seeds: [42, 1337, 2024, 777]
n_envs: 8  total_timesteps: 1000000
reward_shaping: True  norm_reward: True
Using cuda device
------------------------------
| time/              |       |
|    fps             | 129   |
|    iterations      | 1     |
|    time_elapsed    | 126   |
|    total_timesteps | 16384 |
------------------------------
------------------------------------------
| time/                   |              |
|    fps                  | 124          |
|    iterations           | 2            |
|    time_elapsed         | 263          |
|    total_timesteps      | 32768        |
| train/                  |              |
|    approx_kl            | 0.0105930595 |
|    clip_fraction        | 0.116        |
|    clip_range           | 0.2          |
|    entropy_loss         | -4.21        |
|    explained_variance   | 0.06         |
|    learning_rate        | 0.0003       |
|    loss                 | 0.0218       |
|    n_updates            | 10           |
|    policy_gradient_loss | -0.0105      |
|    std                  | 0.981        |
|    value_loss           | 0.193        |
------------------------------------------
-----------------------------------------
| time/                   |             |
|    fps                  | 123         |
|    iterations           | 3           |
|    time_elapsed         | 398         |
|    total_timesteps      | 49152       |
| train/                  |             |
|    approx_kl            | 0.010797447 |
|    clip_fraction        | 0.114       |
|    clip_range           | 0.2         |
|    entropy_loss         | -4.16       |
|    explained_variance   | 0.514       |
|    learning_rate        | 0.0003      |
|    loss                 | 0.00926     |
|    n_updates            | 20          |
|    policy_gradient_loss | -0.0125     |
|    std                  | 0.964       |
|    value_loss           | 0.0614      |
-----------------------------------------
[eval @ 65536] finish_rate=0.00 avg_progress=0.541 avg_reward=381.8 best_lap_ms=None
-----------------------------------------
| time/                   |             |
|    fps                  | 117         |
|    iterations           | 4           |
|    time_elapsed         | 556         |
|    total_timesteps      | 65536       |
| train/                  |             |
|    approx_kl            | 0.016962523 |
|    clip_fraction        | 0.172       |
|    clip_range           | 0.2         |
|    entropy_loss         | -4.1        |
|    explained_variance   | 0.669       |
|    learning_rate        | 0.0003      |
|    loss                 | -0.0187     |
|    n_updates            | 30          |
|    policy_gradient_loss | -0.0226     |
|    std                  | 0.947       |
|    value_loss           | 0.0676      |
-----------------------------------------
-----------------------------------------
| time/                   |             |
|    fps                  | 118         |
|    iterations           | 5           |
|    time_elapsed         | 693         |
|    total_timesteps      | 81920       |
| train/                  |             |
|    approx_kl            | 0.022542132 |
|    clip_fraction        | 0.215       |
|    clip_range           | 0.2         |
|    entropy_loss         | -4.05       |
|    explained_variance   | 0.669       |
|    learning_rate        | 0.0003      |
|    loss                 | -0.0372     |
|    n_updates            | 40          |
|    policy_gradient_loss | -0.0305     |
|    std                  | 0.93        |
|    value_loss           | 0.0878      |
-----------------------------------------
-----------------------------------------
| time/                   |             |
|    fps                  | 119         |
|    iterations           | 6           |
|    time_elapsed         | 825         |
|    total_timesteps      | 98304       |
| train/                  |             |
|    approx_kl            | 0.027977169 |
|    clip_fraction        | 0.235       |
|    clip_range           | 0.2         |
|    entropy_loss         | -3.99       |
|    explained_variance   | 0.686       |
|    learning_rate        | 0.0003      |
|    loss                 | -0.0293     |
|    n_updates            | 50          |
|    policy_gradient_loss | -0.0364     |
|    std                  | 0.906       |
|    value_loss           | 0.0868      |
-----------------------------------------
----------------------------------------
| time/                   |            |
|    fps                  | 119        |
|    iterations           | 7          |
|    time_elapsed         | 956        |
|    total_timesteps      | 114688     |
| train/                  |            |
|    approx_kl            | 0.03617899 |
|    clip_fraction        | 0.288      |
|    clip_range           | 0.2        |
|    entropy_loss         | -3.91      |
|    explained_variance   | 0.685      |
|    learning_rate        | 0.0003     |
|    loss                 | -0.0456    |
|    n_updates            | 60         |
|    policy_gradient_loss | -0.0432    |
|    std                  | 0.882      |
|    value_loss           | 0.0829     |
----------------------------------------
[eval @ 131072] finish_rate=0.00 avg_progress=0.314 avg_reward=209.0 best_lap_ms=None
-----------------------------------------
| time/                   |             |
|    fps                  | 120         |
|    iterations           | 8           |
|    time_elapsed         | 1086        |
|    total_timesteps      | 131072      |
| train/                  |             |
|    approx_kl            | 0.047470696 |
|    clip_fraction        | 0.327       |
|    clip_range           | 0.2         |
|    entropy_loss         | -3.81       |
|    explained_variance   | 0.664       |
|    learning_rate        | 0.0003      |
|    loss                 | -0.0624     |
|    n_updates            | 70          |
|    policy_gradient_loss | -0.0508     |
|    std                  | 0.854       |
|    value_loss           | 0.0848      |
-----------------------------------------
-----------------------------------------
| time/                   |             |
|    fps                  | 124         |
|    iterations           | 9           |
|    time_elapsed         | 1187        |
|    total_timesteps      | 147456      |
| train/                  |             |
|    approx_kl            | 0.060511097 |
|    clip_fraction        | 0.369       |
|    clip_range           | 0.2         |
|    entropy_loss         | -3.72       |
|    explained_variance   | 0.651       |
|    learning_rate        | 0.0003      |
|    loss                 | -0.0649     |
|    n_updates            | 80          |
|    policy_gradient_loss | -0.0552     |
|    std                  | 0.827       |
|    value_loss           | 0.0963      |
-----------------------------------------
----------------------------------------
| time/                   |            |
|    fps                  | 127        |
|    iterations           | 10         |
|    time_elapsed         | 1285       |
|    total_timesteps      | 163840     |
| train/                  |            |
|    approx_kl            | 0.07226284 |
|    clip_fraction        | 0.404      |
|    clip_range           | 0.2        |
|    entropy_loss         | -3.62      |
|    explained_variance   | 0.652      |
|    learning_rate        | 0.0003     |
|    loss                 | -0.07      |
|    n_updates            | 90         |
|    policy_gradient_loss | -0.0613    |
|    std                  | 0.801      |
|    value_loss           | 0.093      |
----------------------------------------
----------------------------------------
| time/                   |            |
|    fps                  | 130        |
|    iterations           | 11         |
|    time_elapsed         | 1384       |
|    total_timesteps      | 180224     |
| train/                  |            |
|    approx_kl            | 0.07792651 |
|    clip_fraction        | 0.429      |
|    clip_range           | 0.2        |
|    entropy_loss         | -3.51      |
|    explained_variance   | 0.6        |
|    learning_rate        | 0.0003     |
|    loss                 | -0.0899    |
|    n_updates            | 100        |
|    policy_gradient_loss | -0.0625    |
|    std                  | 0.774      |
|    value_loss           | 0.0817     |
----------------------------------------
[eval @ 196608] finish_rate=0.00 avg_progress=0.506 avg_reward=369.6 best_lap_ms=None
----------------------------------------
| time/                   |            |
|    fps                  | 131        |
|    iterations           | 12         |
|    time_elapsed         | 1499       |
|    total_timesteps      | 196608     |
| train/                  |            |
|    approx_kl            | 0.13354793 |
|    clip_fraction        | 0.462      |
|    clip_range           | 0.2        |
|    entropy_loss         | -3.42      |
|    explained_variance   | 0.604      |
|    learning_rate        | 0.0003     |
|    loss                 | -0.0786    |
|    n_updates            | 110        |
|    policy_gradient_loss | -0.0678    |
|    std                  | 0.748      |
|    value_loss           | 0.0698     |
----------------------------------------
----------------------------------------
| time/                   |            |
|    fps                  | 133        |
|    iterations           | 13         |
|    time_elapsed         | 1597       |
|    total_timesteps      | 212992     |
| train/                  |            |
|    approx_kl            | 0.12182083 |
|    clip_fraction        | 0.48       |
|    clip_range           | 0.2        |
|    entropy_loss         | -3.31      |
|    explained_variance   | 0.588      |
|    learning_rate        | 0.0003     |
|    loss                 | -0.0888    |
|    n_updates            | 120        |
|    policy_gradient_loss | -0.0707    |
|    std                  | 0.725      |
|    value_loss           | 0.0891     |
----------------------------------------
----------------------------------------
| time/                   |            |
|    fps                  | 134        |
|    iterations           | 14         |
|    time_elapsed         | 1704       |
|    total_timesteps      | 229376     |
| train/                  |            |
|    approx_kl            | 0.12195279 |
|    clip_fraction        | 0.504      |
|    clip_range           | 0.2        |
|    entropy_loss         | -3.22      |
|    explained_variance   | 0.706      |
|    learning_rate        | 0.0003     |
|    loss                 | -0.0798    |
|    n_updates            | 130        |
|    policy_gradient_loss | -0.0711    |
|    std                  | 0.701      |
|    value_loss           | 0.0921     |
----------------------------------------
----------------------------------------
| time/                   |            |
|    fps                  | 135        |
|    iterations           | 15         |
|    time_elapsed         | 1814       |
|    total_timesteps      | 245760     |
| train/                  |            |
|    approx_kl            | 0.13475987 |
|    clip_fraction        | 0.517      |
|    clip_range           | 0.2        |
|    entropy_loss         | -3.11      |
|    explained_variance   | 0.748      |
|    learning_rate        | 0.0003     |
|    loss                 | -0.0931    |
|    n_updates            | 140        |
|    policy_gradient_loss | -0.0736    |
|    std                  | 0.678      |
|    value_loss           | 0.0994     |
----------------------------------------
[eval @ 262144] finish_rate=0.00 avg_progress=0.140 avg_reward=73.9 best_lap_ms=None
----------------------------------------
| time/                   |            |
|    fps                  | 136        |
|    iterations           | 16         |
|    time_elapsed         | 1926       |
|    total_timesteps      | 262144     |
| train/                  |            |
|    approx_kl            | 0.19118026 |
|    clip_fraction        | 0.539      |
|    clip_range           | 0.2        |
|    entropy_loss         | -3.01      |
|    explained_variance   | 0.785      |
|    learning_rate        | 0.0003     |
|    loss                 | -0.101     |
|    n_updates            | 150        |
|    policy_gradient_loss | -0.0725    |
|    std                  | 0.654      |
|    value_loss           | 0.0977     |
----------------------------------------
----------------------------------------
| time/                   |            |
|    fps                  | 136        |
|    iterations           | 17         |
|    time_elapsed         | 2034       |
|    total_timesteps      | 278528     |
| train/                  |            |
|    approx_kl            | 0.19649819 |
|    clip_fraction        | 0.56       |
|    clip_range           | 0.2        |
|    entropy_loss         | -2.9       |
|    explained_variance   | 0.754      |
|    learning_rate        | 0.0003     |
|    loss                 | -0.0877    |
|    n_updates            | 160        |
|    policy_gradient_loss | -0.0778    |
|    std                  | 0.63       |
|    value_loss           | 0.102      |
----------------------------------------
----------------------------------------
| time/                   |            |
|    fps                  | 137        |
|    iterations           | 18         |
|    time_elapsed         | 2139       |
|    total_timesteps      | 294912     |
| train/                  |            |
|    approx_kl            | 0.27839455 |
|    clip_fraction        | 0.572      |
|    clip_range           | 0.2        |
|    entropy_loss         | -2.78      |
|    explained_variance   | 0.793      |
|    learning_rate        | 0.0003     |
|    loss                 | -0.093     |
|    n_updates            | 170        |
|    policy_gradient_loss | -0.0738    |
|    std                  | 0.606      |
|    value_loss           | 0.108      |
----------------------------------------
---------------------------------------
| time/                   |           |
|    fps                  | 138       |
|    iterations           | 19        |
|    time_elapsed         | 2245      |
|    total_timesteps      | 311296    |
| train/                  |           |
|    approx_kl            | 0.3113759 |
|    clip_fraction        | 0.603     |
|    clip_range           | 0.2       |
|    entropy_loss         | -2.67     |
|    explained_variance   | 0.776     |
|    learning_rate        | 0.0003    |
|    loss                 | -0.0853   |
|    n_updates            | 180       |
|    policy_gradient_loss | -0.0766   |
|    std                  | 0.582     |
|    value_loss           | 0.105     |
---------------------------------------
[eval @ 327680] finish_rate=0.00 avg_progress=0.329 avg_reward=264.8 best_lap_ms=None
---------------------------------------
| time/                   |           |
|    fps                  | 138       |
|    iterations           | 20        |
|    time_elapsed         | 2362      |
|    total_timesteps      | 327680    |
| train/                  |           |
|    approx_kl            | 0.3571722 |
|    clip_fraction        | 0.6       |
|    clip_range           | 0.2       |
|    entropy_loss         | -2.55     |
|    explained_variance   | 0.741     |
|    learning_rate        | 0.0003    |
|    loss                 | -0.0891   |
|    n_updates            | 190       |
|    policy_gradient_loss | -0.0768   |
|    std                  | 0.56      |
|    value_loss           | 0.133     |
---------------------------------------
----------------------------------------
| time/                   |            |
|    fps                  | 139        |
|    iterations           | 21         |
|    time_elapsed         | 2472       |
|    total_timesteps      | 344064     |
| train/                  |            |
|    approx_kl            | 0.43204156 |
|    clip_fraction        | 0.617      |
|    clip_range           | 0.2        |
|    entropy_loss         | -2.42      |
|    explained_variance   | 0.784      |
|    learning_rate        | 0.0003     |
|    loss                 | -0.0962    |
|    n_updates            | 200        |
|    policy_gradient_loss | -0.0761    |
|    std                  | 0.535      |
|    value_loss           | 0.123      |
----------------------------------------
----------------------------------------
| time/                   |            |
|    fps                  | 139        |
|    iterations           | 22         |
|    time_elapsed         | 2582       |
|    total_timesteps      | 360448     |
| train/                  |            |
|    approx_kl            | 0.40965766 |
|    clip_fraction        | 0.63       |
|    clip_range           | 0.2        |
|    entropy_loss         | -2.28      |
|    explained_variance   | 0.791      |
|    learning_rate        | 0.0003     |
|    loss                 | -0.0938    |
|    n_updates            | 210        |
|    policy_gradient_loss | -0.0796    |
|    std                  | 0.511      |
|    value_loss           | 0.121      |
----------------------------------------
----------------------------------------
| time/                   |            |
|    fps                  | 139        |
|    iterations           | 23         |
|    time_elapsed         | 2692       |
|    total_timesteps      | 376832     |
| train/                  |            |
|    approx_kl            | 0.37616202 |
|    clip_fraction        | 0.629      |
|    clip_range           | 0.2        |
|    entropy_loss         | -2.15      |
|    explained_variance   | 0.77       |
|    learning_rate        | 0.0003     |
|    loss                 | -0.102     |
|    n_updates            | 220        |
|    policy_gradient_loss | -0.0746    |
|    std                  | 0.491      |
|    value_loss           | 0.135      |
----------------------------------------
[eval @ 393216] finish_rate=0.00 avg_progress=0.302 avg_reward=211.0 best_lap_ms=None
----------------------------------------
| time/                   |            |
|    fps                  | 139        |
|    iterations           | 24         |
|    time_elapsed         | 2813       |
|    total_timesteps      | 393216     |
| train/                  |            |
|    approx_kl            | 0.45416987 |
|    clip_fraction        | 0.647      |
|    clip_range           | 0.2        |
|    entropy_loss         | -2.02      |
|    explained_variance   | 0.747      |
|    learning_rate        | 0.0003     |
|    loss                 | -0.102     |
|    n_updates            | 230        |
|    policy_gradient_loss | -0.0771    |
|    std                  | 0.47       |
|    value_loss           | 0.136      |
----------------------------------------
--------------------------------------
| time/                   |          |
|    fps                  | 140      |
|    iterations           | 25       |
|    time_elapsed         | 2922     |
|    total_timesteps      | 409600   |
| train/                  |          |
|    approx_kl            | 0.561767 |
|    clip_fraction        | 0.656    |
|    clip_range           | 0.2      |
|    entropy_loss         | -1.88    |
|    explained_variance   | 0.735    |
|    learning_rate        | 0.0003   |
|    loss                 | -0.105   |
|    n_updates            | 240      |
|    policy_gradient_loss | -0.0782  |
|    std                  | 0.448    |
|    value_loss           | 0.135    |
--------------------------------------
----------------------------------------
| time/                   |            |
|    fps                  | 140        |
|    iterations           | 26         |
|    time_elapsed         | 3032       |
|    total_timesteps      | 425984     |
| train/                  |            |
|    approx_kl            | 0.62022686 |
|    clip_fraction        | 0.652      |
|    clip_range           | 0.2        |
|    entropy_loss         | -1.74      |
|    explained_variance   | 0.765      |
|    learning_rate        | 0.0003     |
|    loss                 | -0.0896    |
|    n_updates            | 250        |
|    policy_gradient_loss | -0.0755    |
|    std                  | 0.426      |
|    value_loss           | 0.13       |
----------------------------------------
----------------------------------------
| time/                   |            |
|    fps                  | 140        |
|    iterations           | 27         |
|    time_elapsed         | 3149       |
|    total_timesteps      | 442368     |
| train/                  |            |
|    approx_kl            | 0.72472024 |
|    clip_fraction        | 0.666      |
|    clip_range           | 0.2        |
|    entropy_loss         | -1.6       |
|    explained_variance   | 0.776      |
|    learning_rate        | 0.0003     |
|    loss                 | -0.0925    |
|    n_updates            | 260        |
|    policy_gradient_loss | -0.0711    |
|    std                  | 0.409      |
|    value_loss           | 0.119      |
----------------------------------------
[eval @ 458752] finish_rate=0.00 avg_progress=0.345 avg_reward=247.0 best_lap_ms=None
---------------------------------------
| time/                   |           |
|    fps                  | 140       |
|    iterations           | 28        |
|    time_elapsed         | 3270      |
|    total_timesteps      | 458752    |
| train/                  |           |
|    approx_kl            | 0.6271631 |
|    clip_fraction        | 0.659     |
|    clip_range           | 0.2       |
|    entropy_loss         | -1.47     |
|    explained_variance   | 0.765     |
|    learning_rate        | 0.0003    |
|    loss                 | -0.106    |
|    n_updates            | 270       |
|    policy_gradient_loss | -0.0701   |
|    std                  | 0.39      |
|    value_loss           | 0.113     |
---------------------------------------
----------------------------------------
| time/                   |            |
|    fps                  | 140        |
|    iterations           | 29         |
|    time_elapsed         | 3381       |
|    total_timesteps      | 475136     |
| train/                  |            |
|    approx_kl            | 0.75677824 |
|    clip_fraction        | 0.682      |
|    clip_range           | 0.2        |
|    entropy_loss         | -1.32      |
|    explained_variance   | 0.784      |
|    learning_rate        | 0.0003     |
|    loss                 | -0.0994    |
|    n_updates            | 280        |
|    policy_gradient_loss | -0.0722    |
|    std                  | 0.372      |
|    value_loss           | 0.106      |
----------------------------------------
---------------------------------------
| time/                   |           |
|    fps                  | 140       |
|    iterations           | 30        |
|    time_elapsed         | 3490      |
|    total_timesteps      | 491520    |
| train/                  |           |
|    approx_kl            | 1.0203867 |
|    clip_fraction        | 0.693     |
|    clip_range           | 0.2       |
|    entropy_loss         | -1.18     |
|    explained_variance   | 0.77      |
|    learning_rate        | 0.0003    |
|    loss                 | -0.0967   |
|    n_updates            | 290       |
|    policy_gradient_loss | -0.0711   |
|    std                  | 0.354     |
|    value_loss           | 0.122     |
---------------------------------------
---------------------------------------
| time/                   |           |
|    fps                  | 141       |
|    iterations           | 31        |
|    time_elapsed         | 3602      |
|    total_timesteps      | 507904    |
| train/                  |           |
|    approx_kl            | 0.9215925 |
|    clip_fraction        | 0.696     |
|    clip_range           | 0.2       |
|    entropy_loss         | -1.02     |
|    explained_variance   | 0.762     |
|    learning_rate        | 0.0003    |
|    loss                 | -0.0831   |
|    n_updates            | 300       |
|    policy_gradient_loss | -0.0723   |
|    std                  | 0.335     |
|    value_loss           | 0.119     |
---------------------------------------
[eval @ 524288] finish_rate=0.00 avg_progress=0.506 avg_reward=397.4 best_lap_ms=None
---------------------------------------
| time/                   |           |
|    fps                  | 140       |
|    iterations           | 32        |
|    time_elapsed         | 3728      |
|    total_timesteps      | 524288    |
| train/                  |           |
|    approx_kl            | 0.8522583 |
|    clip_fraction        | 0.706     |
|    clip_range           | 0.2       |
|    entropy_loss         | -0.856    |
|    explained_variance   | 0.756     |
|    learning_rate        | 0.0003    |
|    loss                 | -0.0944   |
|    n_updates            | 310       |
|    policy_gradient_loss | -0.0692   |
|    std                  | 0.317     |
|    value_loss           | 0.125     |
---------------------------------------
---------------------------------------
| time/                   |           |
|    fps                  | 140       |
|    iterations           | 33        |
|    time_elapsed         | 3839      |
|    total_timesteps      | 540672    |
| train/                  |           |
|    approx_kl            | 1.0025107 |
|    clip_fraction        | 0.707     |
|    clip_range           | 0.2       |
|    entropy_loss         | -0.704    |
|    explained_variance   | 0.748     |
|    learning_rate        | 0.0003    |
|    loss                 | -0.0954   |
|    n_updates            | 320       |
|    policy_gradient_loss | -0.0708   |
|    std                  | 0.302     |
|    value_loss           | 0.123     |
---------------------------------------
---------------------------------------
| time/                   |           |
|    fps                  | 140       |
|    iterations           | 34        |
|    time_elapsed         | 3957      |
|    total_timesteps      | 557056    |
| train/                  |           |
|    approx_kl            | 1.1940452 |
|    clip_fraction        | 0.716     |
|    clip_range           | 0.2       |
|    entropy_loss         | -0.548    |
|    explained_variance   | 0.774     |
|    learning_rate        | 0.0003    |
|    loss                 | -0.101    |
|    n_updates            | 330       |
|    policy_gradient_loss | -0.0654   |
|    std                  | 0.286     |
|    value_loss           | 0.124     |
---------------------------------------
---------------------------------------
| time/                   |           |
|    fps                  | 140       |
|    iterations           | 35        |
|    time_elapsed         | 4069      |
|    total_timesteps      | 573440    |
| train/                  |           |
|    approx_kl            | 1.6970425 |
|    clip_fraction        | 0.735     |
|    clip_range           | 0.2       |
|    entropy_loss         | -0.385    |
|    explained_variance   | 0.732     |
|    learning_rate        | 0.0003    |
|    loss                 | -0.101    |
|    n_updates            | 340       |
|    policy_gradient_loss | -0.0671   |
|    std                  | 0.271     |
|    value_loss           | 0.14      |
---------------------------------------
[eval @ 589824] finish_rate=0.50 avg_progress=0.851 avg_reward=747.1 best_lap_ms=18860.0
---------------------------------------
| time/                   |           |
|    fps                  | 140       |
|    iterations           | 36        |
|    time_elapsed         | 4193      |
|    total_timesteps      | 589824    |
| train/                  |           |
|    approx_kl            | 1.2725556 |
|    clip_fraction        | 0.724     |
|    clip_range           | 0.2       |
|    entropy_loss         | -0.223    |
|    explained_variance   | 0.769     |
|    learning_rate        | 0.0003    |
|    loss                 | -0.0859   |
|    n_updates            | 350       |
|    policy_gradient_loss | -0.0634   |
|    std                  | 0.257     |
|    value_loss           | 0.138     |
---------------------------------------
---------------------------------------
| time/                   |           |
|    fps                  | 140       |
|    iterations           | 37        |
|    time_elapsed         | 4306      |
|    total_timesteps      | 606208    |
| train/                  |           |
|    approx_kl            | 1.0305429 |
|    clip_fraction        | 0.722     |
|    clip_range           | 0.2       |
|    entropy_loss         | -0.0602   |
|    explained_variance   | 0.765     |
|    learning_rate        | 0.0003    |
|    loss                 | -0.1      |
|    n_updates            | 360       |
|    policy_gradient_loss | -0.0663   |
|    std                  | 0.243     |
|    value_loss           | 0.136     |
---------------------------------------
--------------------------------------
| time/                   |          |
|    fps                  | 140      |
|    iterations           | 38       |
|    time_elapsed         | 4418     |
|    total_timesteps      | 622592   |
| train/                  |          |
|    approx_kl            | 1.466418 |
|    clip_fraction        | 0.736    |
|    clip_range           | 0.2      |
|    entropy_loss         | 0.106    |
|    explained_variance   | 0.755    |
|    learning_rate        | 0.0003   |
|    loss                 | -0.0845  |
|    n_updates            | 370      |
|    policy_gradient_loss | -0.0629  |
|    std                  | 0.23     |
|    value_loss           | 0.143    |
--------------------------------------
--------------------------------------
| time/                   |          |
|    fps                  | 140      |
|    iterations           | 39       |
|    time_elapsed         | 4533     |
|    total_timesteps      | 638976   |
| train/                  |          |
|    approx_kl            | 1.340668 |
|    clip_fraction        | 0.741    |
|    clip_range           | 0.2      |
|    entropy_loss         | 0.275    |
|    explained_variance   | 0.745    |
|    learning_rate        | 0.0003   |
|    loss                 | -0.087   |
|    n_updates            | 380      |
|    policy_gradient_loss | -0.0623  |
|    std                  | 0.217    |
|    value_loss           | 0.158    |
--------------------------------------
[eval @ 655360] finish_rate=0.00 avg_progress=0.382 avg_reward=291.0 best_lap_ms=None
---------------------------------------
| time/                   |           |
|    fps                  | 140       |
|    iterations           | 40        |
|    time_elapsed         | 4655      |
|    total_timesteps      | 655360    |
| train/                  |           |
|    approx_kl            | 1.3107145 |
|    clip_fraction        | 0.74      |
|    clip_range           | 0.2       |
|    entropy_loss         | 0.444     |
|    explained_variance   | 0.757     |
|    learning_rate        | 0.0003    |
|    loss                 | -0.082    |
|    n_updates            | 390       |
|    policy_gradient_loss | -0.0564   |
|    std                  | 0.206     |
|    value_loss           | 0.154     |
---------------------------------------
---------------------------------------
| time/                   |           |
|    fps                  | 140       |
|    iterations           | 41        |
|    time_elapsed         | 4774      |
|    total_timesteps      | 671744    |
| train/                  |           |
|    approx_kl            | 1.2408526 |
|    clip_fraction        | 0.733     |
|    clip_range           | 0.2       |
|    entropy_loss         | 0.61      |
|    explained_variance   | 0.738     |
|    learning_rate        | 0.0003    |
|    loss                 | -0.086    |
|    n_updates            | 400       |
|    policy_gradient_loss | -0.0549   |
|    std                  | 0.195     |
|    value_loss           | 0.147     |
---------------------------------------
--------------------------------------
| time/                   |          |
|    fps                  | 140      |
|    iterations           | 42       |
|    time_elapsed         | 4885     |
|    total_timesteps      | 688128   |
| train/                  |          |
|    approx_kl            | 1.271935 |
|    clip_fraction        | 0.744    |
|    clip_range           | 0.2      |
|    entropy_loss         | 0.787    |
|    explained_variance   | 0.742    |
|    learning_rate        | 0.0003   |
|    loss                 | -0.0795  |
|    n_updates            | 410      |
|    policy_gradient_loss | -0.06    |
|    std                  | 0.183    |
|    value_loss           | 0.153    |
--------------------------------------
---------------------------------------
| time/                   |           |
|    fps                  | 140       |
|    iterations           | 43        |
|    time_elapsed         | 5000      |
|    total_timesteps      | 704512    |
| train/                  |           |
|    approx_kl            | 1.1518979 |
|    clip_fraction        | 0.746     |
|    clip_range           | 0.2       |
|    entropy_loss         | 0.941     |
|    explained_variance   | 0.758     |
|    learning_rate        | 0.0003    |
|    loss                 | -0.0711   |
|    n_updates            | 420       |
|    policy_gradient_loss | -0.0483   |
|    std                  | 0.173     |
|    value_loss           | 0.153     |
---------------------------------------
[eval @ 720896] finish_rate=0.00 avg_progress=0.365 avg_reward=262.7 best_lap_ms=None
---------------------------------------
| time/                   |           |
|    fps                  | 140       |
|    iterations           | 44        |
|    time_elapsed         | 5126      |
|    total_timesteps      | 720896    |
| train/                  |           |
|    approx_kl            | 1.3699032 |
|    clip_fraction        | 0.746     |
|    clip_range           | 0.2       |
|    entropy_loss         | 1.11      |
|    explained_variance   | 0.743     |
|    learning_rate        | 0.0003    |
|    loss                 | -0.0821   |
|    n_updates            | 430       |
|    policy_gradient_loss | -0.0503   |
|    std                  | 0.164     |
|    value_loss           | 0.157     |
---------------------------------------
---------------------------------------
| time/                   |           |
|    fps                  | 140       |
|    iterations           | 45        |
|    time_elapsed         | 5242      |
|    total_timesteps      | 737280    |
| train/                  |           |
|    approx_kl            | 1.9119127 |
|    clip_fraction        | 0.763     |
|    clip_range           | 0.2       |
|    entropy_loss         | 1.29      |
|    explained_variance   | 0.743     |
|    learning_rate        | 0.0003    |
|    loss                 | -0.0852   |
|    n_updates            | 440       |
|    policy_gradient_loss | -0.0525   |
|    std                  | 0.155     |
|    value_loss           | 0.159     |
---------------------------------------
---------------------------------------
| time/                   |           |
|    fps                  | 140       |
|    iterations           | 46        |
|    time_elapsed         | 5360      |
|    total_timesteps      | 753664    |
| train/                  |           |
|    approx_kl            | 1.6142488 |
|    clip_fraction        | 0.757     |
|    clip_range           | 0.2       |
|    entropy_loss         | 1.45      |
|    explained_variance   | 0.779     |
|    learning_rate        | 0.0003    |
|    loss                 | -0.0463   |
|    n_updates            | 450       |
|    policy_gradient_loss | -0.0424   |
|    std                  | 0.147     |
|    value_loss           | 0.157     |
---------------------------------------
---------------------------------------
| time/                   |           |
|    fps                  | 140       |
|    iterations           | 47        |
|    time_elapsed         | 5475      |
|    total_timesteps      | 770048    |
| train/                  |           |
|    approx_kl            | 1.3461332 |
|    clip_fraction        | 0.742     |
|    clip_range           | 0.2       |
|    entropy_loss         | 1.6       |
|    explained_variance   | 0.792     |
|    learning_rate        | 0.0003    |
|    loss                 | -0.0705   |
|    n_updates            | 460       |
|    policy_gradient_loss | -0.0396   |
|    std                  | 0.139     |
|    value_loss           | 0.146     |
---------------------------------------
[eval @ 786432] finish_rate=0.00 avg_progress=0.662 avg_reward=559.8 best_lap_ms=None
---------------------------------------
| time/                   |           |
|    fps                  | 140       |
|    iterations           | 48        |
|    time_elapsed         | 5603      |
|    total_timesteps      | 786432    |
| train/                  |           |
|    approx_kl            | 1.9952012 |
|    clip_fraction        | 0.772     |
|    clip_range           | 0.2       |
|    entropy_loss         | 1.75      |
|    explained_variance   | 0.738     |
|    learning_rate        | 0.0003    |
|    loss                 | -0.0663   |
|    n_updates            | 470       |
|    policy_gradient_loss | -0.0407   |
|    std                  | 0.132     |
|    value_loss           | 0.158     |
---------------------------------------
---------------------------------------
| time/                   |           |
|    fps                  | 140       |
|    iterations           | 49        |
|    time_elapsed         | 5718      |
|    total_timesteps      | 802816    |
| train/                  |           |
|    approx_kl            | 2.5571609 |
|    clip_fraction        | 0.775     |
|    clip_range           | 0.2       |
|    entropy_loss         | 1.9       |
|    explained_variance   | 0.758     |
|    learning_rate        | 0.0003    |
|    loss                 | -0.0576   |
|    n_updates            | 480       |
|    policy_gradient_loss | -0.0425   |
|    std                  | 0.125     |
|    value_loss           | 0.165     |
---------------------------------------
---------------------------------------
| time/                   |           |
|    fps                  | 140       |
|    iterations           | 50        |
|    time_elapsed         | 5835      |
|    total_timesteps      | 819200    |
| train/                  |           |
|    approx_kl            | 1.7548752 |
|    clip_fraction        | 0.757     |
|    clip_range           | 0.2       |
|    entropy_loss         | 2.08      |
|    explained_variance   | 0.765     |
|    learning_rate        | 0.0003    |
|    loss                 | -0.0725   |
|    n_updates            | 490       |
|    policy_gradient_loss | -0.0421   |
|    std                  | 0.119     |
|    value_loss           | 0.153     |
---------------------------------------
---------------------------------------
| time/                   |           |
|    fps                  | 140       |
|    iterations           | 51        |
|    time_elapsed         | 5947      |
|    total_timesteps      | 835584    |
| train/                  |           |
|    approx_kl            | 1.7976829 |
|    clip_fraction        | 0.761     |
|    clip_range           | 0.2       |
|    entropy_loss         | 2.22      |
|    explained_variance   | 0.765     |
|    learning_rate        | 0.0003    |
|    loss                 | -0.0448   |
|    n_updates            | 500       |
|    policy_gradient_loss | -0.0253   |
|    std                  | 0.113     |
|    value_loss           | 0.154     |
---------------------------------------
[eval @ 851968] finish_rate=0.00 avg_progress=0.572 avg_reward=484.2 best_lap_ms=None
---------------------------------------
| time/                   |           |
|    fps                  | 140       |
|    iterations           | 52        |
|    time_elapsed         | 6074      |
|    total_timesteps      | 851968    |
| train/                  |           |
|    approx_kl            | 2.1984491 |
|    clip_fraction        | 0.763     |
|    clip_range           | 0.2       |
|    entropy_loss         | 2.36      |
|    explained_variance   | 0.769     |
|    learning_rate        | 0.0003    |
|    loss                 | -0.0338   |
|    n_updates            | 510       |
|    policy_gradient_loss | -0.0217   |
|    std                  | 0.108     |
|    value_loss           | 0.148     |
---------------------------------------
---------------------------------------
| time/                   |           |
|    fps                  | 140       |
|    iterations           | 53        |
|    time_elapsed         | 6189      |
|    total_timesteps      | 868352    |
| train/                  |           |
|    approx_kl            | 1.7914963 |
|    clip_fraction        | 0.774     |
|    clip_range           | 0.2       |
|    entropy_loss         | 2.51      |
|    explained_variance   | 0.787     |
|    learning_rate        | 0.0003    |
|    loss                 | -0.0198   |
|    n_updates            | 520       |
|    policy_gradient_loss | -0.0275   |
|    std                  | 0.103     |
|    value_loss           | 0.137     |
---------------------------------------
---------------------------------------
| time/                   |           |
|    fps                  | 140       |
|    iterations           | 54        |
|    time_elapsed         | 6308      |
|    total_timesteps      | 884736    |
| train/                  |           |
|    approx_kl            | 1.7753308 |
|    clip_fraction        | 0.783     |
|    clip_range           | 0.2       |
|    entropy_loss         | 2.65      |
|    explained_variance   | 0.761     |
|    learning_rate        | 0.0003    |
|    loss                 | -0.0633   |
|    n_updates            | 530       |
|    policy_gradient_loss | -0.0307   |
|    std                  | 0.098     |
|    value_loss           | 0.148     |
---------------------------------------
---------------------------------------
| time/                   |           |
|    fps                  | 140       |
|    iterations           | 55        |
|    time_elapsed         | 6421      |
|    total_timesteps      | 901120    |
| train/                  |           |
|    approx_kl            | 1.9167552 |
|    clip_fraction        | 0.77      |
|    clip_range           | 0.2       |
|    entropy_loss         | 2.8       |
|    explained_variance   | 0.777     |
|    learning_rate        | 0.0003    |
|    loss                 | -0.035    |
|    n_updates            | 540       |
|    policy_gradient_loss | -0.0223   |
|    std                  | 0.0936    |
|    value_loss           | 0.149     |
---------------------------------------
[eval @ 917504] finish_rate=0.00 avg_progress=0.573 avg_reward=487.8 best_lap_ms=None
---------------------------------------
| time/                   |           |
|    fps                  | 140       |
|    iterations           | 56        |
|    time_elapsed         | 6549      |
|    total_timesteps      | 917504    |
| train/                  |           |
|    approx_kl            | 2.1384616 |
|    clip_fraction        | 0.775     |
|    clip_range           | 0.2       |
|    entropy_loss         | 2.94      |
|    explained_variance   | 0.768     |
|    learning_rate        | 0.0003    |
|    loss                 | -0.0784   |
|    n_updates            | 550       |
|    policy_gradient_loss | -0.028    |
|    std                  | 0.0892    |
|    value_loss           | 0.136     |
---------------------------------------
---------------------------------------
| time/                   |           |
|    fps                  | 140       |
|    iterations           | 57        |
|    time_elapsed         | 6661      |
|    total_timesteps      | 933888    |
| train/                  |           |
|    approx_kl            | 1.8747112 |
|    clip_fraction        | 0.78      |
|    clip_range           | 0.2       |
|    entropy_loss         | 3.09      |
|    explained_variance   | 0.774     |
|    learning_rate        | 0.0003    |
|    loss                 | -0.0652   |
|    n_updates            | 560       |
|    policy_gradient_loss | -0.0289   |
|    std                  | 0.0848    |
|    value_loss           | 0.14      |
---------------------------------------
---------------------------------------
| time/                   |           |
|    fps                  | 140       |
|    iterations           | 58        |
|    time_elapsed         | 6775      |
|    total_timesteps      | 950272    |
| train/                  |           |
|    approx_kl            | 1.9465041 |
|    clip_fraction        | 0.788     |
|    clip_range           | 0.2       |
|    entropy_loss         | 3.23      |
|    explained_variance   | 0.767     |
|    learning_rate        | 0.0003    |
|    loss                 | -0.085    |
|    n_updates            | 570       |
|    policy_gradient_loss | -0.0268   |
|    std                  | 0.0808    |
|    value_loss           | 0.146     |
---------------------------------------
---------------------------------------
| time/                   |           |
|    fps                  | 140       |
|    iterations           | 59        |
|    time_elapsed         | 6893      |
|    total_timesteps      | 966656    |
| train/                  |           |
|    approx_kl            | 1.7864053 |
|    clip_fraction        | 0.781     |
|    clip_range           | 0.2       |
|    entropy_loss         | 3.38      |
|    explained_variance   | 0.755     |
|    learning_rate        | 0.0003    |
|    loss                 | -0.045    |
|    n_updates            | 580       |
|    policy_gradient_loss | -0.0265   |
|    std                  | 0.077     |
|    value_loss           | 0.16      |
---------------------------------------
[eval @ 983040] finish_rate=0.00 avg_progress=0.345 avg_reward=286.2 best_lap_ms=None
---------------------------------------
| time/                   |           |
|    fps                  | 140       |
|    iterations           | 60        |
|    time_elapsed         | 7014      |
|    total_timesteps      | 983040    |
| train/                  |           |
|    approx_kl            | 2.0290897 |
|    clip_fraction        | 0.798     |
|    clip_range           | 0.2       |
|    entropy_loss         | 3.51      |
|    explained_variance   | 0.752     |
|    learning_rate        | 0.0003    |
|    loss                 | -0.0429   |
|    n_updates            | 590       |
|    policy_gradient_loss | -0.0155   |
|    std                  | 0.0738    |
|    value_loss           | 0.159     |
---------------------------------------
---------------------------------------
| time/                   |           |
|    fps                  | 140       |
|    iterations           | 61        |
|    time_elapsed         | 7131      |
|    total_timesteps      | 999424    |
| train/                  |           |
|    approx_kl            | 2.1567144 |
|    clip_fraction        | 0.8       |
|    clip_range           | 0.2       |
|    entropy_loss         | 3.64      |
|    explained_variance   | 0.791     |
|    learning_rate        | 0.0003    |
|    loss                 | -0.03     |
|    n_updates            | 600       |
|    policy_gradient_loss | -0.00627  |
|    std                  | 0.071     |
|    value_loss           | 0.143     |
---------------------------------------
---------------------------------------
| time/                   |           |
|    fps                  | 140       |
|    iterations           | 62        |
|    time_elapsed         | 7254      |
|    total_timesteps      | 1015808   |
| train/                  |           |
|    approx_kl            | 2.5086155 |
|    clip_fraction        | 0.803     |
|    clip_range           | 0.2       |
|    entropy_loss         | 3.75      |
|    explained_variance   | 0.765     |
|    learning_rate        | 0.0003    |
|    loss                 | -0.0524   |
|    n_updates            | 610       |
|    policy_gradient_loss | -0.0072   |
|    std                  | 0.0684    |
|    value_loss           | 0.15      |
---------------------------------------
saved model: /workspace/HAIC-Money/runs/20260919-071218_ppo-cnn-baseline1-server/model.zip
saved vecnormalize: /workspace/HAIC-Money/runs/20260919-071218_ppo-cnn-baseline1-server/model_vecnormalize.pkl
=== 학습 완료 ===
