run_dir: /workspace/HAIC-Money/runs/20260920-152212_ppo-cnn-smoothing-control-v1
=== HAIC PPO 학습 시작 ===
variables version: variables-6
track_ids: [1, 2, 3]
seeds: [42, 1337, 2024, 777]
training track mode: sampled sampler_seed: 917 obstacles: official
n_envs: 16  total_timesteps: 262144
reward_shaping: True  norm_reward: True collision_penalty: 0.0
action smoothing: none config={'method': 'none', 'alpha': 1.0, 'max_delta': None, 'initial_action': [0.0, 0.0, 0.0]}
target_kl: 0.03
seen eval seeds: [10001, 10002, 10003, 10004, 10005, 10006, 10007, 10008]
holdout eval seeds: [11001, 11002, 11003, 11004, 11005, 11006, 11007, 11008]
resume from: runs/20260920-022920_ppo-cnn-episode-sampler-v1/checkpoints/ppo_baseline_262144_steps.zip
resume vecnormalize: runs/20260920-022920_ppo-cnn-episode-sampler-v1/checkpoints/ppo_baseline_vecnormalize_262144_steps.pkl
-------------------------------
| time/              |        |
|    fps             | 279    |
|    iterations      | 1      |
|    time_elapsed    | 58     |
|    total_timesteps | 278528 |
-------------------------------
------------------------------------------
| time/                   |              |
|    fps                  | 263          |
|    iterations           | 2            |
|    time_elapsed         | 124          |
|    total_timesteps      | 294912       |
| train/                  |              |
|    approx_kl            | 0.0101669915 |
|    clip_fraction        | 0.103        |
|    clip_range           | 0.2          |
|    entropy_loss         | -3.85        |
|    explained_variance   | 0.8          |
|    learning_rate        | 0.0001       |
|    loss                 | 0.107        |
|    n_updates            | 85           |
|    policy_gradient_loss | -0.00729     |
|    std                  | 0.871        |
|    value_loss           | 0.24         |
------------------------------------------
-----------------------------------------
| time/                   |             |
|    fps                  | 259         |
|    iterations           | 3           |
|    time_elapsed         | 189         |
|    total_timesteps      | 311296      |
| train/                  |             |
|    approx_kl            | 0.010410674 |
|    clip_fraction        | 0.108       |
|    clip_range           | 0.2         |
|    entropy_loss         | -3.82       |
|    explained_variance   | 0.807       |
|    learning_rate        | 0.0001      |
|    loss                 | 0.0849      |
|    n_updates            | 90          |
|    policy_gradient_loss | -0.00926    |
|    std                  | 0.863       |
|    value_loss           | 0.248       |
-----------------------------------------
------------------------------------------
| time/                   |              |
|    fps                  | 256          |
|    iterations           | 4            |
|    time_elapsed         | 255          |
|    total_timesteps      | 327680       |
| train/                  |              |
|    approx_kl            | 0.0102268765 |
|    clip_fraction        | 0.116        |
|    clip_range           | 0.2          |
|    entropy_loss         | -3.8         |
|    explained_variance   | 0.816        |
|    learning_rate        | 0.0001       |
|    loss                 | 0.0667       |
|    n_updates            | 95           |
|    policy_gradient_loss | -0.00632     |
|    std                  | 0.856        |
|    value_loss           | 0.242        |
------------------------------------------
-----------------------------------------
| time/                   |             |
|    fps                  | 253         |
|    iterations           | 5           |
|    time_elapsed         | 322         |
|    total_timesteps      | 344064      |
| train/                  |             |
|    approx_kl            | 0.008868977 |
|    clip_fraction        | 0.111       |
|    clip_range           | 0.2         |
|    entropy_loss         | -3.78       |
|    explained_variance   | 0.789       |
|    learning_rate        | 0.0001      |
|    loss                 | 0.0944      |
|    n_updates            | 100         |
|    policy_gradient_loss | -0.00822    |
|    std                  | 0.852       |
|    value_loss           | 0.238       |
-----------------------------------------
-----------------------------------------
| time/                   |             |
|    fps                  | 252         |
|    iterations           | 6           |
|    time_elapsed         | 389         |
|    total_timesteps      | 360448      |
| train/                  |             |
|    approx_kl            | 0.010876919 |
|    clip_fraction        | 0.112       |
|    clip_range           | 0.2         |
|    entropy_loss         | -3.76       |
|    explained_variance   | 0.81        |
|    learning_rate        | 0.0001      |
|    loss                 | 0.108       |
|    n_updates            | 105         |
|    policy_gradient_loss | -0.00854    |
|    std                  | 0.847       |
|    value_loss           | 0.227       |
-----------------------------------------
-----------------------------------------
| time/                   |             |
|    fps                  | 253         |
|    iterations           | 7           |
|    time_elapsed         | 452         |
|    total_timesteps      | 376832      |
| train/                  |             |
|    approx_kl            | 0.010272965 |
|    clip_fraction        | 0.115       |
|    clip_range           | 0.2         |
|    entropy_loss         | -3.74       |
|    explained_variance   | 0.811       |
|    learning_rate        | 0.0001      |
|    loss                 | 0.0649      |
|    n_updates            | 110         |
|    policy_gradient_loss | -0.00952    |
|    std                  | 0.841       |
|    value_loss           | 0.214       |
-----------------------------------------
-----------------------------------------
| time/                   |             |
|    fps                  | 252         |
|    iterations           | 8           |
|    time_elapsed         | 519         |
|    total_timesteps      | 393216      |
| train/                  |             |
|    approx_kl            | 0.009814306 |
|    clip_fraction        | 0.107       |
|    clip_range           | 0.2         |
|    entropy_loss         | -3.72       |
|    explained_variance   | 0.777       |
|    learning_rate        | 0.0001      |
|    loss                 | 0.121       |
|    n_updates            | 115         |
|    policy_gradient_loss | -0.00947    |
|    std                  | 0.837       |
|    value_loss           | 0.248       |
-----------------------------------------
saved checkpoint: /workspace/HAIC-Money/runs/20260920-152212_ppo-cnn-smoothing-control-v1/checkpoints/ppo_baseline_393216_steps.zip
[eval @ 393216] seen finish_rate=0.00 progress=0.283 | holdout finish_rate=0.00 progress=0.291 best=True
-------------------------------
| time/              |        |
|    fps             | 251    |
|    iterations      | 1      |
|    time_elapsed    | 65     |
|    total_timesteps | 409600 |
-------------------------------
-----------------------------------------
| time/                   |             |
|    fps                  | 243         |
|    iterations           | 2           |
|    time_elapsed         | 134         |
|    total_timesteps      | 425984      |
| train/                  |             |
|    approx_kl            | 0.009564442 |
|    clip_fraction        | 0.115       |
|    clip_range           | 0.2         |
|    entropy_loss         | -3.7        |
|    explained_variance   | 0.804       |
|    learning_rate        | 0.0001      |
|    loss                 | 0.101       |
|    n_updates            | 125         |
|    policy_gradient_loss | -0.00898    |
|    std                  | 0.831       |
|    value_loss           | 0.234       |
-----------------------------------------
-----------------------------------------
| time/                   |             |
|    fps                  | 243         |
|    iterations           | 3           |
|    time_elapsed         | 201         |
|    total_timesteps      | 442368      |
| train/                  |             |
|    approx_kl            | 0.010151941 |
|    clip_fraction        | 0.125       |
|    clip_range           | 0.2         |
|    entropy_loss         | -3.68       |
|    explained_variance   | 0.8         |
|    learning_rate        | 0.0001      |
|    loss                 | 0.0878      |
|    n_updates            | 130         |
|    policy_gradient_loss | -0.00826    |
|    std                  | 0.827       |
|    value_loss           | 0.224       |
-----------------------------------------
-----------------------------------------
| time/                   |             |
|    fps                  | 244         |
|    iterations           | 4           |
|    time_elapsed         | 267         |
|    total_timesteps      | 458752      |
| train/                  |             |
|    approx_kl            | 0.010243657 |
|    clip_fraction        | 0.112       |
|    clip_range           | 0.2         |
|    entropy_loss         | -3.67       |
|    explained_variance   | 0.804       |
|    learning_rate        | 0.0001      |
|    loss                 | 0.0987      |
|    n_updates            | 135         |
|    policy_gradient_loss | -0.00937    |
|    std                  | 0.824       |
|    value_loss           | 0.226       |
-----------------------------------------
-----------------------------------------
| time/                   |             |
|    fps                  | 235         |
|    iterations           | 5           |
|    time_elapsed         | 348         |
|    total_timesteps      | 475136      |
| train/                  |             |
|    approx_kl            | 0.011452869 |
|    clip_fraction        | 0.138       |
|    clip_range           | 0.2         |
|    entropy_loss         | -3.65       |
|    explained_variance   | 0.796       |
|    learning_rate        | 0.0001      |
|    loss                 | 0.087       |
|    n_updates            | 140         |
|    policy_gradient_loss | -0.0113     |
|    std                  | 0.818       |
|    value_loss           | 0.203       |
-----------------------------------------
-----------------------------------------
| time/                   |             |
|    fps                  | 227         |
|    iterations           | 6           |
|    time_elapsed         | 431         |
|    total_timesteps      | 491520      |
| train/                  |             |
|    approx_kl            | 0.010420373 |
|    clip_fraction        | 0.129       |
|    clip_range           | 0.2         |
|    entropy_loss         | -3.63       |
|    explained_variance   | 0.811       |
|    learning_rate        | 0.0001      |
|    loss                 | 0.0746      |
|    n_updates            | 145         |
|    policy_gradient_loss | -0.0114     |
|    std                  | 0.813       |
|    value_loss           | 0.197       |
-----------------------------------------
-----------------------------------------
| time/                   |             |
|    fps                  | 224         |
|    iterations           | 7           |
|    time_elapsed         | 510         |
|    total_timesteps      | 507904      |
| train/                  |             |
|    approx_kl            | 0.012712245 |
|    clip_fraction        | 0.153       |
|    clip_range           | 0.2         |
|    entropy_loss         | -3.62       |
|    explained_variance   | 0.817       |
|    learning_rate        | 0.0001      |
|    loss                 | 0.0565      |
|    n_updates            | 150         |
|    policy_gradient_loss | -0.0117     |
|    std                  | 0.809       |
|    value_loss           | 0.194       |
-----------------------------------------
-----------------------------------------
| time/                   |             |
|    fps                  | 220         |
|    iterations           | 8           |
|    time_elapsed         | 594         |
|    total_timesteps      | 524288      |
| train/                  |             |
|    approx_kl            | 0.011048755 |
|    clip_fraction        | 0.138       |
|    clip_range           | 0.2         |
|    entropy_loss         | -3.6        |
|    explained_variance   | 0.811       |
|    learning_rate        | 0.0001      |
|    loss                 | 0.0742      |
|    n_updates            | 155         |
|    policy_gradient_loss | -0.0121     |
|    std                  | 0.803       |
|    value_loss           | 0.187       |
-----------------------------------------
saved checkpoint: /workspace/HAIC-Money/runs/20260920-152212_ppo-cnn-smoothing-control-v1/checkpoints/ppo_baseline_524288_steps.zip
[eval @ 524288] seen finish_rate=0.00 progress=0.228 | holdout finish_rate=0.00 progress=0.302 best=True
saved model: /workspace/HAIC-Money/runs/20260920-152212_ppo-cnn-smoothing-control-v1/model.zip
saved vecnormalize: /workspace/HAIC-Money/runs/20260920-152212_ppo-cnn-smoothing-control-v1/model_vecnormalize.pkl
=== 학습 완료 ===
