run_dir: /workspace/HAIC-Money/runs/20260920-022920_ppo-cnn-episode-sampler-v1
=== HAIC PPO 학습 시작 ===
variables version: variables-6
track_ids: [1, 2, 3]
seeds: [42, 1337, 2024, 777]
training track mode: sampled sampler_seed: 917
n_envs: 16  total_timesteps: 1048576
reward_shaping: True  norm_reward: True
target_kl: 0.03
seen eval seeds: [10001, 10002, 10003, 10004, 10005, 10006, 10007, 10008]
holdout eval seeds: [11001, 11002, 11003, 11004, 11005, 11006, 11007, 11008]
Using cuda device
------------------------------
| time/              |       |
|    fps             | 270   |
|    iterations      | 1     |
|    time_elapsed    | 60    |
|    total_timesteps | 16384 |
------------------------------
-----------------------------------------
| time/                   |             |
|    fps                  | 248         |
|    iterations           | 2           |
|    time_elapsed         | 131         |
|    total_timesteps      | 32768       |
| train/                  |             |
|    approx_kl            | 0.006714287 |
|    clip_fraction        | 0.0745      |
|    clip_range           | 0.2         |
|    entropy_loss         | -4.25       |
|    explained_variance   | 0.0332      |
|    learning_rate        | 0.0001      |
|    loss                 | 0.0558      |
|    n_updates            | 5           |
|    policy_gradient_loss | -0.00708    |
|    std                  | 0.994       |
|    value_loss           | 0.352       |
-----------------------------------------
------------------------------------------
| time/                   |              |
|    fps                  | 242          |
|    iterations           | 3            |
|    time_elapsed         | 202          |
|    total_timesteps      | 49152        |
| train/                  |              |
|    approx_kl            | 0.0059394045 |
|    clip_fraction        | 0.0637       |
|    clip_range           | 0.2          |
|    entropy_loss         | -4.23        |
|    explained_variance   | 0.514        |
|    learning_rate        | 0.0001       |
|    loss                 | 0.0243       |
|    n_updates            | 10           |
|    policy_gradient_loss | -0.00723     |
|    std                  | 0.986        |
|    value_loss           | 0.0772       |
------------------------------------------
-----------------------------------------
| time/                   |             |
|    fps                  | 239         |
|    iterations           | 4           |
|    time_elapsed         | 274         |
|    total_timesteps      | 65536       |
| train/                  |             |
|    approx_kl            | 0.005866609 |
|    clip_fraction        | 0.0621      |
|    clip_range           | 0.2         |
|    entropy_loss         | -4.2        |
|    explained_variance   | 0.61        |
|    learning_rate        | 0.0001      |
|    loss                 | 0.0356      |
|    n_updates            | 15          |
|    policy_gradient_loss | -0.00768    |
|    std                  | 0.978       |
|    value_loss           | 0.112       |
-----------------------------------------
-----------------------------------------
| time/                   |             |
|    fps                  | 236         |
|    iterations           | 5           |
|    time_elapsed         | 346         |
|    total_timesteps      | 81920       |
| train/                  |             |
|    approx_kl            | 0.007205681 |
|    clip_fraction        | 0.0771      |
|    clip_range           | 0.2         |
|    entropy_loss         | -4.18       |
|    explained_variance   | 0.694       |
|    learning_rate        | 0.0001      |
|    loss                 | 0.0381      |
|    n_updates            | 20          |
|    policy_gradient_loss | -0.00837    |
|    std                  | 0.972       |
|    value_loss           | 0.118       |
-----------------------------------------
------------------------------------------
| time/                   |              |
|    fps                  | 239          |
|    iterations           | 6            |
|    time_elapsed         | 411          |
|    total_timesteps      | 98304        |
| train/                  |              |
|    approx_kl            | 0.0071371747 |
|    clip_fraction        | 0.0803       |
|    clip_range           | 0.2          |
|    entropy_loss         | -4.16        |
|    explained_variance   | 0.708        |
|    learning_rate        | 0.0001       |
|    loss                 | 0.0596       |
|    n_updates            | 25           |
|    policy_gradient_loss | -0.00963     |
|    std                  | 0.965        |
|    value_loss           | 0.154        |
------------------------------------------
-----------------------------------------
| time/                   |             |
|    fps                  | 241         |
|    iterations           | 7           |
|    time_elapsed         | 474         |
|    total_timesteps      | 114688      |
| train/                  |             |
|    approx_kl            | 0.007875351 |
|    clip_fraction        | 0.0873      |
|    clip_range           | 0.2         |
|    entropy_loss         | -4.14       |
|    explained_variance   | 0.718       |
|    learning_rate        | 0.0001      |
|    loss                 | 0.0334      |
|    n_updates            | 30          |
|    policy_gradient_loss | -0.00971    |
|    std                  | 0.959       |
|    value_loss           | 0.166       |
-----------------------------------------
-----------------------------------------
| time/                   |             |
|    fps                  | 242         |
|    iterations           | 8           |
|    time_elapsed         | 541         |
|    total_timesteps      | 131072      |
| train/                  |             |
|    approx_kl            | 0.009367736 |
|    clip_fraction        | 0.114       |
|    clip_range           | 0.2         |
|    entropy_loss         | -4.11       |
|    explained_variance   | 0.706       |
|    learning_rate        | 0.0001      |
|    loss                 | 0.0543      |
|    n_updates            | 35          |
|    policy_gradient_loss | -0.0114     |
|    std                  | 0.949       |
|    value_loss           | 0.171       |
-----------------------------------------
-----------------------------------------
| time/                   |             |
|    fps                  | 243         |
|    iterations           | 9           |
|    time_elapsed         | 605         |
|    total_timesteps      | 147456      |
| train/                  |             |
|    approx_kl            | 0.008219245 |
|    clip_fraction        | 0.1         |
|    clip_range           | 0.2         |
|    entropy_loss         | -4.08       |
|    explained_variance   | 0.771       |
|    learning_rate        | 0.0001      |
|    loss                 | 0.0799      |
|    n_updates            | 40          |
|    policy_gradient_loss | -0.01       |
|    std                  | 0.94        |
|    value_loss           | 0.164       |
-----------------------------------------
-----------------------------------------
| time/                   |             |
|    fps                  | 244         |
|    iterations           | 10          |
|    time_elapsed         | 671         |
|    total_timesteps      | 163840      |
| train/                  |             |
|    approx_kl            | 0.009094072 |
|    clip_fraction        | 0.109       |
|    clip_range           | 0.2         |
|    entropy_loss         | -4.06       |
|    explained_variance   | 0.759       |
|    learning_rate        | 0.0001      |
|    loss                 | 0.0668      |
|    n_updates            | 45          |
|    policy_gradient_loss | -0.0112     |
|    std                  | 0.932       |
|    value_loss           | 0.203       |
-----------------------------------------
-----------------------------------------
| time/                   |             |
|    fps                  | 244         |
|    iterations           | 11          |
|    time_elapsed         | 737         |
|    total_timesteps      | 180224      |
| train/                  |             |
|    approx_kl            | 0.009538162 |
|    clip_fraction        | 0.104       |
|    clip_range           | 0.2         |
|    entropy_loss         | -4.03       |
|    explained_variance   | 0.76        |
|    learning_rate        | 0.0001      |
|    loss                 | 0.102       |
|    n_updates            | 50          |
|    policy_gradient_loss | -0.0107     |
|    std                  | 0.921       |
|    value_loss           | 0.219       |
-----------------------------------------
-----------------------------------------
| time/                   |             |
|    fps                  | 244         |
|    iterations           | 12          |
|    time_elapsed         | 803         |
|    total_timesteps      | 196608      |
| train/                  |             |
|    approx_kl            | 0.008689762 |
|    clip_fraction        | 0.0914      |
|    clip_range           | 0.2         |
|    entropy_loss         | -3.99       |
|    explained_variance   | 0.78        |
|    learning_rate        | 0.0001      |
|    loss                 | 0.0748      |
|    n_updates            | 55          |
|    policy_gradient_loss | -0.01       |
|    std                  | 0.913       |
|    value_loss           | 0.202       |
-----------------------------------------
-----------------------------------------
| time/                   |             |
|    fps                  | 244         |
|    iterations           | 13          |
|    time_elapsed         | 869         |
|    total_timesteps      | 212992      |
| train/                  |             |
|    approx_kl            | 0.007754299 |
|    clip_fraction        | 0.0898      |
|    clip_range           | 0.2         |
|    entropy_loss         | -3.97       |
|    explained_variance   | 0.799       |
|    learning_rate        | 0.0001      |
|    loss                 | 0.101       |
|    n_updates            | 60          |
|    policy_gradient_loss | -0.0102     |
|    std                  | 0.904       |
|    value_loss           | 0.206       |
-----------------------------------------
-----------------------------------------
| time/                   |             |
|    fps                  | 244         |
|    iterations           | 14          |
|    time_elapsed         | 937         |
|    total_timesteps      | 229376      |
| train/                  |             |
|    approx_kl            | 0.009120763 |
|    clip_fraction        | 0.0879      |
|    clip_range           | 0.2         |
|    entropy_loss         | -3.94       |
|    explained_variance   | 0.789       |
|    learning_rate        | 0.0001      |
|    loss                 | 0.0966      |
|    n_updates            | 65          |
|    policy_gradient_loss | -0.00837    |
|    std                  | 0.897       |
|    value_loss           | 0.222       |
-----------------------------------------
-----------------------------------------
| time/                   |             |
|    fps                  | 245         |
|    iterations           | 15          |
|    time_elapsed         | 1002        |
|    total_timesteps      | 245760      |
| train/                  |             |
|    approx_kl            | 0.007868912 |
|    clip_fraction        | 0.104       |
|    clip_range           | 0.2         |
|    entropy_loss         | -3.91       |
|    explained_variance   | 0.812       |
|    learning_rate        | 0.0001      |
|    loss                 | 0.102       |
|    n_updates            | 70          |
|    policy_gradient_loss | -0.00682    |
|    std                  | 0.889       |
|    value_loss           | 0.204       |
-----------------------------------------
-----------------------------------------
| time/                   |             |
|    fps                  | 244         |
|    iterations           | 16          |
|    time_elapsed         | 1070        |
|    total_timesteps      | 262144      |
| train/                  |             |
|    approx_kl            | 0.008295065 |
|    clip_fraction        | 0.0992      |
|    clip_range           | 0.2         |
|    entropy_loss         | -3.89       |
|    explained_variance   | 0.822       |
|    learning_rate        | 0.0001      |
|    loss                 | 0.0646      |
|    n_updates            | 75          |
|    policy_gradient_loss | -0.00827    |
|    std                  | 0.881       |
|    value_loss           | 0.226       |
-----------------------------------------
saved checkpoint: /workspace/HAIC-Money/runs/20260920-022920_ppo-cnn-episode-sampler-v1/checkpoints/ppo_baseline_262144_steps.zip
[eval @ 262144] seen finish_rate=0.00 progress=0.220 | holdout finish_rate=0.00 progress=0.267 best=True
-------------------------------
| time/              |        |
|    fps             | 256    |
|    iterations      | 1      |
|    time_elapsed    | 63     |
|    total_timesteps | 278528 |
-------------------------------
-----------------------------------------
| time/                   |             |
|    fps                  | 242         |
|    iterations           | 2           |
|    time_elapsed         | 134         |
|    total_timesteps      | 294912      |
| train/                  |             |
|    approx_kl            | 0.009514824 |
|    clip_fraction        | 0.114       |
|    clip_range           | 0.2         |
|    entropy_loss         | -3.85       |
|    explained_variance   | 0.806       |
|    learning_rate        | 0.0001      |
|    loss                 | 0.0821      |
|    n_updates            | 85          |
|    policy_gradient_loss | -0.00818    |
|    std                  | 0.873       |
|    value_loss           | 0.212       |
-----------------------------------------
-----------------------------------------
| time/                   |             |
|    fps                  | 244         |
|    iterations           | 3           |
|    time_elapsed         | 200         |
|    total_timesteps      | 311296      |
| train/                  |             |
|    approx_kl            | 0.009789547 |
|    clip_fraction        | 0.111       |
|    clip_range           | 0.2         |
|    entropy_loss         | -3.83       |
|    explained_variance   | 0.834       |
|    learning_rate        | 0.0001      |
|    loss                 | 0.117       |
|    n_updates            | 90          |
|    policy_gradient_loss | -0.00898    |
|    std                  | 0.868       |
|    value_loss           | 0.236       |
-----------------------------------------
-----------------------------------------
| time/                   |             |
|    fps                  | 243         |
|    iterations           | 4           |
|    time_elapsed         | 269         |
|    total_timesteps      | 327680      |
| train/                  |             |
|    approx_kl            | 0.009756703 |
|    clip_fraction        | 0.107       |
|    clip_range           | 0.2         |
|    entropy_loss         | -3.82       |
|    explained_variance   | 0.782       |
|    learning_rate        | 0.0001      |
|    loss                 | 0.122       |
|    n_updates            | 95          |
|    policy_gradient_loss | -0.00836    |
|    std                  | 0.863       |
|    value_loss           | 0.29        |
-----------------------------------------
-----------------------------------------
| time/                   |             |
|    fps                  | 242         |
|    iterations           | 5           |
|    time_elapsed         | 337         |
|    total_timesteps      | 344064      |
| train/                  |             |
|    approx_kl            | 0.009076424 |
|    clip_fraction        | 0.106       |
|    clip_range           | 0.2         |
|    entropy_loss         | -3.8        |
|    explained_variance   | 0.801       |
|    learning_rate        | 0.0001      |
|    loss                 | 0.0826      |
|    n_updates            | 100         |
|    policy_gradient_loss | -0.0086     |
|    std                  | 0.86        |
|    value_loss           | 0.254       |
-----------------------------------------
-----------------------------------------
| time/                   |             |
|    fps                  | 244         |
|    iterations           | 6           |
|    time_elapsed         | 402         |
|    total_timesteps      | 360448      |
| train/                  |             |
|    approx_kl            | 0.009394638 |
|    clip_fraction        | 0.115       |
|    clip_range           | 0.2         |
|    entropy_loss         | -3.79       |
|    explained_variance   | 0.805       |
|    learning_rate        | 0.0001      |
|    loss                 | 0.0845      |
|    n_updates            | 105         |
|    policy_gradient_loss | -0.00899    |
|    std                  | 0.855       |
|    value_loss           | 0.254       |
-----------------------------------------
----------------------------------------
| time/                   |            |
|    fps                  | 243        |
|    iterations           | 7          |
|    time_elapsed         | 470        |
|    total_timesteps      | 376832     |
| train/                  |            |
|    approx_kl            | 0.01192491 |
|    clip_fraction        | 0.119      |
|    clip_range           | 0.2        |
|    entropy_loss         | -3.77      |
|    explained_variance   | 0.786      |
|    learning_rate        | 0.0001     |
|    loss                 | 0.0623     |
|    n_updates            | 110        |
|    policy_gradient_loss | -0.0106    |
|    std                  | 0.849      |
|    value_loss           | 0.23       |
----------------------------------------
-----------------------------------------
| time/                   |             |
|    fps                  | 242         |
|    iterations           | 8           |
|    time_elapsed         | 540         |
|    total_timesteps      | 393216      |
| train/                  |             |
|    approx_kl            | 0.010750156 |
|    clip_fraction        | 0.125       |
|    clip_range           | 0.2         |
|    entropy_loss         | -3.75       |
|    explained_variance   | 0.783       |
|    learning_rate        | 0.0001      |
|    loss                 | 0.079       |
|    n_updates            | 115         |
|    policy_gradient_loss | -0.00766    |
|    std                  | 0.844       |
|    value_loss           | 0.262       |
-----------------------------------------
-----------------------------------------
| time/                   |             |
|    fps                  | 241         |
|    iterations           | 9           |
|    time_elapsed         | 609         |
|    total_timesteps      | 409600      |
| train/                  |             |
|    approx_kl            | 0.011207592 |
|    clip_fraction        | 0.127       |
|    clip_range           | 0.2         |
|    entropy_loss         | -3.73       |
|    explained_variance   | 0.808       |
|    learning_rate        | 0.0001      |
|    loss                 | 0.126       |
|    n_updates            | 120         |
|    policy_gradient_loss | -0.0102     |
|    std                  | 0.84        |
|    value_loss           | 0.244       |
-----------------------------------------
------------------------------------------
| time/                   |              |
|    fps                  | 241          |
|    iterations           | 10           |
|    time_elapsed         | 677          |
|    total_timesteps      | 425984       |
| train/                  |              |
|    approx_kl            | 0.0100642685 |
|    clip_fraction        | 0.129        |
|    clip_range           | 0.2          |
|    entropy_loss         | -3.72        |
|    explained_variance   | 0.816        |
|    learning_rate        | 0.0001       |
|    loss                 | 0.0867       |
|    n_updates            | 125          |
|    policy_gradient_loss | -0.00925     |
|    std                  | 0.836        |
|    value_loss           | 0.236        |
------------------------------------------
-----------------------------------------
| time/                   |             |
|    fps                  | 240         |
|    iterations           | 11          |
|    time_elapsed         | 749         |
|    total_timesteps      | 442368      |
| train/                  |             |
|    approx_kl            | 0.010997614 |
|    clip_fraction        | 0.127       |
|    clip_range           | 0.2         |
|    entropy_loss         | -3.71       |
|    explained_variance   | 0.798       |
|    learning_rate        | 0.0001      |
|    loss                 | 0.0601      |
|    n_updates            | 130         |
|    policy_gradient_loss | -0.0101     |
|    std                  | 0.833       |
|    value_loss           | 0.204       |
-----------------------------------------
-----------------------------------------
| time/                   |             |
|    fps                  | 240         |
|    iterations           | 12          |
|    time_elapsed         | 816         |
|    total_timesteps      | 458752      |
| train/                  |             |
|    approx_kl            | 0.010138994 |
|    clip_fraction        | 0.13        |
|    clip_range           | 0.2         |
|    entropy_loss         | -3.7        |
|    explained_variance   | 0.811       |
|    learning_rate        | 0.0001      |
|    loss                 | 0.114       |
|    n_updates            | 135         |
|    policy_gradient_loss | -0.00978    |
|    std                  | 0.83        |
|    value_loss           | 0.234       |
-----------------------------------------
-----------------------------------------
| time/                   |             |
|    fps                  | 240         |
|    iterations           | 13          |
|    time_elapsed         | 886         |
|    total_timesteps      | 475136      |
| train/                  |             |
|    approx_kl            | 0.011329187 |
|    clip_fraction        | 0.132       |
|    clip_range           | 0.2         |
|    entropy_loss         | -3.68       |
|    explained_variance   | 0.776       |
|    learning_rate        | 0.0001      |
|    loss                 | 0.0879      |
|    n_updates            | 140         |
|    policy_gradient_loss | -0.00896    |
|    std                  | 0.823       |
|    value_loss           | 0.227       |
-----------------------------------------
-----------------------------------------
| time/                   |             |
|    fps                  | 239         |
|    iterations           | 14          |
|    time_elapsed         | 956         |
|    total_timesteps      | 491520      |
| train/                  |             |
|    approx_kl            | 0.011089943 |
|    clip_fraction        | 0.127       |
|    clip_range           | 0.2         |
|    entropy_loss         | -3.66       |
|    explained_variance   | 0.812       |
|    learning_rate        | 0.0001      |
|    loss                 | 0.128       |
|    n_updates            | 145         |
|    policy_gradient_loss | -0.0105     |
|    std                  | 0.82        |
|    value_loss           | 0.229       |
-----------------------------------------
-----------------------------------------
| time/                   |             |
|    fps                  | 239         |
|    iterations           | 15          |
|    time_elapsed         | 1024        |
|    total_timesteps      | 507904      |
| train/                  |             |
|    approx_kl            | 0.010894602 |
|    clip_fraction        | 0.135       |
|    clip_range           | 0.2         |
|    entropy_loss         | -3.64       |
|    explained_variance   | 0.781       |
|    learning_rate        | 0.0001      |
|    loss                 | 0.0795      |
|    n_updates            | 150         |
|    policy_gradient_loss | -0.0118     |
|    std                  | 0.815       |
|    value_loss           | 0.217       |
-----------------------------------------
-----------------------------------------
| time/                   |             |
|    fps                  | 238         |
|    iterations           | 16          |
|    time_elapsed         | 1098        |
|    total_timesteps      | 524288      |
| train/                  |             |
|    approx_kl            | 0.011903308 |
|    clip_fraction        | 0.133       |
|    clip_range           | 0.2         |
|    entropy_loss         | -3.63       |
|    explained_variance   | 0.803       |
|    learning_rate        | 0.0001      |
|    loss                 | 0.0973      |
|    n_updates            | 155         |
|    policy_gradient_loss | -0.0102     |
|    std                  | 0.813       |
|    value_loss           | 0.238       |
-----------------------------------------
saved checkpoint: /workspace/HAIC-Money/runs/20260920-022920_ppo-cnn-episode-sampler-v1/checkpoints/ppo_baseline_524288_steps.zip
[eval @ 524288] seen finish_rate=0.00 progress=0.292 | holdout finish_rate=0.00 progress=0.403 best=True
-------------------------------
| time/              |        |
|    fps             | 249    |
|    iterations      | 1      |
|    time_elapsed    | 65     |
|    total_timesteps | 540672 |
-------------------------------
-----------------------------------------
| time/                   |             |
|    fps                  | 244         |
|    iterations           | 2           |
|    time_elapsed         | 133         |
|    total_timesteps      | 557056      |
| train/                  |             |
|    approx_kl            | 0.012129143 |
|    clip_fraction        | 0.133       |
|    clip_range           | 0.2         |
|    entropy_loss         | -3.6        |
|    explained_variance   | 0.805       |
|    learning_rate        | 0.0001      |
|    loss                 | 0.0807      |
|    n_updates            | 165         |
|    policy_gradient_loss | -0.0107     |
|    std                  | 0.804       |
|    value_loss           | 0.207       |
-----------------------------------------
------------------------------------------
| time/                   |              |
|    fps                  | 240          |
|    iterations           | 3            |
|    time_elapsed         | 204          |
|    total_timesteps      | 573440       |
| train/                  |              |
|    approx_kl            | 0.0125745125 |
|    clip_fraction        | 0.145        |
|    clip_range           | 0.2          |
|    entropy_loss         | -3.58        |
|    explained_variance   | 0.798        |
|    learning_rate        | 0.0001       |
|    loss                 | 0.0843       |
|    n_updates            | 170          |
|    policy_gradient_loss | -0.0127      |
|    std                  | 0.801        |
|    value_loss           | 0.187        |
------------------------------------------
-----------------------------------------
| time/                   |             |
|    fps                  | 235         |
|    iterations           | 4           |
|    time_elapsed         | 278         |
|    total_timesteps      | 589824      |
| train/                  |             |
|    approx_kl            | 0.012312947 |
|    clip_fraction        | 0.135       |
|    clip_range           | 0.2         |
|    entropy_loss         | -3.57       |
|    explained_variance   | 0.8         |
|    learning_rate        | 0.0001      |
|    loss                 | 0.0698      |
|    n_updates            | 175         |
|    policy_gradient_loss | -0.0119     |
|    std                  | 0.798       |
|    value_loss           | 0.221       |
-----------------------------------------
-----------------------------------------
| time/                   |             |
|    fps                  | 237         |
|    iterations           | 5           |
|    time_elapsed         | 345         |
|    total_timesteps      | 606208      |
| train/                  |             |
|    approx_kl            | 0.011940563 |
|    clip_fraction        | 0.144       |
|    clip_range           | 0.2         |
|    entropy_loss         | -3.56       |
|    explained_variance   | 0.818       |
|    learning_rate        | 0.0001      |
|    loss                 | 0.0763      |
|    n_updates            | 180         |
|    policy_gradient_loss | -0.0122     |
|    std                  | 0.794       |
|    value_loss           | 0.198       |
-----------------------------------------
-----------------------------------------
| time/                   |             |
|    fps                  | 235         |
|    iterations           | 6           |
|    time_elapsed         | 417         |
|    total_timesteps      | 622592      |
| train/                  |             |
|    approx_kl            | 0.012167351 |
|    clip_fraction        | 0.143       |
|    clip_range           | 0.2         |
|    entropy_loss         | -3.55       |
|    explained_variance   | 0.779       |
|    learning_rate        | 0.0001      |
|    loss                 | 0.0751      |
|    n_updates            | 185         |
|    policy_gradient_loss | -0.0132     |
|    std                  | 0.792       |
|    value_loss           | 0.194       |
-----------------------------------------
-----------------------------------------
| time/                   |             |
|    fps                  | 233         |
|    iterations           | 7           |
|    time_elapsed         | 491         |
|    total_timesteps      | 638976      |
| train/                  |             |
|    approx_kl            | 0.012632012 |
|    clip_fraction        | 0.143       |
|    clip_range           | 0.2         |
|    entropy_loss         | -3.54       |
|    explained_variance   | 0.806       |
|    learning_rate        | 0.0001      |
|    loss                 | 0.0735      |
|    n_updates            | 190         |
|    policy_gradient_loss | -0.0114     |
|    std                  | 0.789       |
|    value_loss           | 0.188       |
-----------------------------------------
----------------------------------------
| time/                   |            |
|    fps                  | 234        |
|    iterations           | 8          |
|    time_elapsed         | 559        |
|    total_timesteps      | 655360     |
| train/                  |            |
|    approx_kl            | 0.01338167 |
|    clip_fraction        | 0.148      |
|    clip_range           | 0.2        |
|    entropy_loss         | -3.53      |
|    explained_variance   | 0.8        |
|    learning_rate        | 0.0001     |
|    loss                 | 0.0497     |
|    n_updates            | 195        |
|    policy_gradient_loss | -0.0126    |
|    std                  | 0.787      |
|    value_loss           | 0.202      |
----------------------------------------
-----------------------------------------
| time/                   |             |
|    fps                  | 233         |
|    iterations           | 9           |
|    time_elapsed         | 631         |
|    total_timesteps      | 671744      |
| train/                  |             |
|    approx_kl            | 0.012967512 |
|    clip_fraction        | 0.171       |
|    clip_range           | 0.2         |
|    entropy_loss         | -3.52       |
|    explained_variance   | 0.79        |
|    learning_rate        | 0.0001      |
|    loss                 | 0.0476      |
|    n_updates            | 200         |
|    policy_gradient_loss | -0.0134     |
|    std                  | 0.782       |
|    value_loss           | 0.188       |
-----------------------------------------
-----------------------------------------
| time/                   |             |
|    fps                  | 233         |
|    iterations           | 10          |
|    time_elapsed         | 702         |
|    total_timesteps      | 688128      |
| train/                  |             |
|    approx_kl            | 0.013568003 |
|    clip_fraction        | 0.152       |
|    clip_range           | 0.2         |
|    entropy_loss         | -3.5        |
|    explained_variance   | 0.798       |
|    learning_rate        | 0.0001      |
|    loss                 | 0.0861      |
|    n_updates            | 205         |
|    policy_gradient_loss | -0.0158     |
|    std                  | 0.778       |
|    value_loss           | 0.193       |
-----------------------------------------
-----------------------------------------
| time/                   |             |
|    fps                  | 232         |
|    iterations           | 11          |
|    time_elapsed         | 775         |
|    total_timesteps      | 704512      |
| train/                  |             |
|    approx_kl            | 0.012676373 |
|    clip_fraction        | 0.154       |
|    clip_range           | 0.2         |
|    entropy_loss         | -3.48       |
|    explained_variance   | 0.805       |
|    learning_rate        | 0.0001      |
|    loss                 | 0.0671      |
|    n_updates            | 210         |
|    policy_gradient_loss | -0.014      |
|    std                  | 0.775       |
|    value_loss           | 0.188       |
-----------------------------------------
----------------------------------------
| time/                   |            |
|    fps                  | 231        |
|    iterations           | 12         |
|    time_elapsed         | 847        |
|    total_timesteps      | 720896     |
| train/                  |            |
|    approx_kl            | 0.01304983 |
|    clip_fraction        | 0.16       |
|    clip_range           | 0.2        |
|    entropy_loss         | -3.47      |
|    explained_variance   | 0.762      |
|    learning_rate        | 0.0001     |
|    loss                 | 0.0442     |
|    n_updates            | 215        |
|    policy_gradient_loss | -0.0142    |
|    std                  | 0.772      |
|    value_loss           | 0.202      |
----------------------------------------
-----------------------------------------
| time/                   |             |
|    fps                  | 231         |
|    iterations           | 13          |
|    time_elapsed         | 918         |
|    total_timesteps      | 737280      |
| train/                  |             |
|    approx_kl            | 0.013013817 |
|    clip_fraction        | 0.156       |
|    clip_range           | 0.2         |
|    entropy_loss         | -3.46       |
|    explained_variance   | 0.805       |
|    learning_rate        | 0.0001      |
|    loss                 | 0.0296      |
|    n_updates            | 220         |
|    policy_gradient_loss | -0.0122     |
|    std                  | 0.768       |
|    value_loss           | 0.173       |
-----------------------------------------
-----------------------------------------
| time/                   |             |
|    fps                  | 231         |
|    iterations           | 14          |
|    time_elapsed         | 991         |
|    total_timesteps      | 753664      |
| train/                  |             |
|    approx_kl            | 0.014189369 |
|    clip_fraction        | 0.167       |
|    clip_range           | 0.2         |
|    entropy_loss         | -3.44       |
|    explained_variance   | 0.796       |
|    learning_rate        | 0.0001      |
|    loss                 | 0.067       |
|    n_updates            | 225         |
|    policy_gradient_loss | -0.0146     |
|    std                  | 0.765       |
|    value_loss           | 0.176       |
-----------------------------------------
-----------------------------------------
| time/                   |             |
|    fps                  | 230         |
|    iterations           | 15          |
|    time_elapsed         | 1066        |
|    total_timesteps      | 770048      |
| train/                  |             |
|    approx_kl            | 0.013092935 |
|    clip_fraction        | 0.17        |
|    clip_range           | 0.2         |
|    entropy_loss         | -3.43       |
|    explained_variance   | 0.788       |
|    learning_rate        | 0.0001      |
|    loss                 | 0.0414      |
|    n_updates            | 230         |
|    policy_gradient_loss | -0.0131     |
|    std                  | 0.76        |
|    value_loss           | 0.199       |
-----------------------------------------
-----------------------------------------
| time/                   |             |
|    fps                  | 230         |
|    iterations           | 16          |
|    time_elapsed         | 1137        |
|    total_timesteps      | 786432      |
| train/                  |             |
|    approx_kl            | 0.013025696 |
|    clip_fraction        | 0.166       |
|    clip_range           | 0.2         |
|    entropy_loss         | -3.41       |
|    explained_variance   | 0.799       |
|    learning_rate        | 0.0001      |
|    loss                 | 0.0558      |
|    n_updates            | 235         |
|    policy_gradient_loss | -0.0133     |
|    std                  | 0.757       |
|    value_loss           | 0.187       |
-----------------------------------------
saved checkpoint: /workspace/HAIC-Money/runs/20260920-022920_ppo-cnn-episode-sampler-v1/checkpoints/ppo_baseline_786432_steps.zip
[eval @ 786432] seen finish_rate=0.00 progress=0.410 | holdout finish_rate=0.00 progress=0.412 best=True
-------------------------------
| time/              |        |
|    fps             | 254    |
|    iterations      | 1      |
|    time_elapsed    | 64     |
|    total_timesteps | 802816 |
-------------------------------
-----------------------------------------
| time/                   |             |
|    fps                  | 241         |
|    iterations           | 2           |
|    time_elapsed         | 135         |
|    total_timesteps      | 819200      |
| train/                  |             |
|    approx_kl            | 0.015278561 |
|    clip_fraction        | 0.175       |
|    clip_range           | 0.2         |
|    entropy_loss         | -3.38       |
|    explained_variance   | 0.793       |
|    learning_rate        | 0.0001      |
|    loss                 | 0.0442      |
|    n_updates            | 245         |
|    policy_gradient_loss | -0.0162     |
|    std                  | 0.751       |
|    value_loss           | 0.192       |
-----------------------------------------
-----------------------------------------
| time/                   |             |
|    fps                  | 241         |
|    iterations           | 3           |
|    time_elapsed         | 203         |
|    total_timesteps      | 835584      |
| train/                  |             |
|    approx_kl            | 0.014306078 |
|    clip_fraction        | 0.18        |
|    clip_range           | 0.2         |
|    entropy_loss         | -3.38       |
|    explained_variance   | 0.786       |
|    learning_rate        | 0.0001      |
|    loss                 | 0.0677      |
|    n_updates            | 250         |
|    policy_gradient_loss | -0.0159     |
|    std                  | 0.749       |
|    value_loss           | 0.195       |
-----------------------------------------
----------------------------------------
| time/                   |            |
|    fps                  | 238        |
|    iterations           | 4          |
|    time_elapsed         | 274        |
|    total_timesteps      | 851968     |
| train/                  |            |
|    approx_kl            | 0.01588671 |
|    clip_fraction        | 0.172      |
|    clip_range           | 0.2        |
|    entropy_loss         | -3.37      |
|    explained_variance   | 0.8        |
|    learning_rate        | 0.0001     |
|    loss                 | 0.0702     |
|    n_updates            | 255        |
|    policy_gradient_loss | -0.0157    |
|    std                  | 0.748      |
|    value_loss           | 0.19       |
----------------------------------------
-----------------------------------------
| time/                   |             |
|    fps                  | 237         |
|    iterations           | 5           |
|    time_elapsed         | 345         |
|    total_timesteps      | 868352      |
| train/                  |             |
|    approx_kl            | 0.015599769 |
|    clip_fraction        | 0.174       |
|    clip_range           | 0.2         |
|    entropy_loss         | -3.36       |
|    explained_variance   | 0.778       |
|    learning_rate        | 0.0001      |
|    loss                 | 0.0487      |
|    n_updates            | 260         |
|    policy_gradient_loss | -0.016      |
|    std                  | 0.745       |
|    value_loss           | 0.209       |
-----------------------------------------
-----------------------------------------
| time/                   |             |
|    fps                  | 238         |
|    iterations           | 6           |
|    time_elapsed         | 412         |
|    total_timesteps      | 884736      |
| train/                  |             |
|    approx_kl            | 0.016021281 |
|    clip_fraction        | 0.193       |
|    clip_range           | 0.2         |
|    entropy_loss         | -3.35       |
|    explained_variance   | 0.784       |
|    learning_rate        | 0.0001      |
|    loss                 | 0.0637      |
|    n_updates            | 265         |
|    policy_gradient_loss | -0.0171     |
|    std                  | 0.744       |
|    value_loss           | 0.189       |
-----------------------------------------
-----------------------------------------
| time/                   |             |
|    fps                  | 235         |
|    iterations           | 7           |
|    time_elapsed         | 486         |
|    total_timesteps      | 901120      |
| train/                  |             |
|    approx_kl            | 0.016071815 |
|    clip_fraction        | 0.191       |
|    clip_range           | 0.2         |
|    entropy_loss         | -3.34       |
|    explained_variance   | 0.787       |
|    learning_rate        | 0.0001      |
|    loss                 | 0.0506      |
|    n_updates            | 270         |
|    policy_gradient_loss | -0.0164     |
|    std                  | 0.74        |
|    value_loss           | 0.177       |
-----------------------------------------
-----------------------------------------
| time/                   |             |
|    fps                  | 235         |
|    iterations           | 8           |
|    time_elapsed         | 557         |
|    total_timesteps      | 917504      |
| train/                  |             |
|    approx_kl            | 0.016148876 |
|    clip_fraction        | 0.184       |
|    clip_range           | 0.2         |
|    entropy_loss         | -3.33       |
|    explained_variance   | 0.778       |
|    learning_rate        | 0.0001      |
|    loss                 | 0.0568      |
|    n_updates            | 275         |
|    policy_gradient_loss | -0.0163     |
|    std                  | 0.737       |
|    value_loss           | 0.201       |
-----------------------------------------
-----------------------------------------
| time/                   |             |
|    fps                  | 235         |
|    iterations           | 9           |
|    time_elapsed         | 626         |
|    total_timesteps      | 933888      |
| train/                  |             |
|    approx_kl            | 0.018890928 |
|    clip_fraction        | 0.198       |
|    clip_range           | 0.2         |
|    entropy_loss         | -3.32       |
|    explained_variance   | 0.772       |
|    learning_rate        | 0.0001      |
|    loss                 | 0.0535      |
|    n_updates            | 280         |
|    policy_gradient_loss | -0.0163     |
|    std                  | 0.735       |
|    value_loss           | 0.2         |
-----------------------------------------
-----------------------------------------
| time/                   |             |
|    fps                  | 236         |
|    iterations           | 10          |
|    time_elapsed         | 691         |
|    total_timesteps      | 950272      |
| train/                  |             |
|    approx_kl            | 0.017942294 |
|    clip_fraction        | 0.207       |
|    clip_range           | 0.2         |
|    entropy_loss         | -3.31       |
|    explained_variance   | 0.792       |
|    learning_rate        | 0.0001      |
|    loss                 | 0.0388      |
|    n_updates            | 285         |
|    policy_gradient_loss | -0.0162     |
|    std                  | 0.733       |
|    value_loss           | 0.202       |
-----------------------------------------
----------------------------------------
| time/                   |            |
|    fps                  | 235        |
|    iterations           | 11         |
|    time_elapsed         | 766        |
|    total_timesteps      | 966656     |
| train/                  |            |
|    approx_kl            | 0.01564512 |
|    clip_fraction        | 0.197      |
|    clip_range           | 0.2        |
|    entropy_loss         | -3.3       |
|    explained_variance   | 0.75       |
|    learning_rate        | 0.0001     |
|    loss                 | 0.0704     |
|    n_updates            | 290        |
|    policy_gradient_loss | -0.0157    |
|    std                  | 0.731      |
|    value_loss           | 0.187      |
----------------------------------------
----------------------------------------
| time/                   |            |
|    fps                  | 235        |
|    iterations           | 12         |
|    time_elapsed         | 835        |
|    total_timesteps      | 983040     |
| train/                  |            |
|    approx_kl            | 0.01677911 |
|    clip_fraction        | 0.197      |
|    clip_range           | 0.2        |
|    entropy_loss         | -3.29      |
|    explained_variance   | 0.767      |
|    learning_rate        | 0.0001     |
|    loss                 | 0.0384     |
|    n_updates            | 295        |
|    policy_gradient_loss | -0.0154    |
|    std                  | 0.73       |
|    value_loss           | 0.19       |
----------------------------------------
-----------------------------------------
| time/                   |             |
|    fps                  | 234         |
|    iterations           | 13          |
|    time_elapsed         | 908         |
|    total_timesteps      | 999424      |
| train/                  |             |
|    approx_kl            | 0.016429525 |
|    clip_fraction        | 0.192       |
|    clip_range           | 0.2         |
|    entropy_loss         | -3.28       |
|    explained_variance   | 0.767       |
|    learning_rate        | 0.0001      |
|    loss                 | 0.0698      |
|    n_updates            | 300         |
|    policy_gradient_loss | -0.0171     |
|    std                  | 0.727       |
|    value_loss           | 0.181       |
-----------------------------------------
-----------------------------------------
| time/                   |             |
|    fps                  | 234         |
|    iterations           | 14          |
|    time_elapsed         | 976         |
|    total_timesteps      | 1015808     |
| train/                  |             |
|    approx_kl            | 0.016415495 |
|    clip_fraction        | 0.205       |
|    clip_range           | 0.2         |
|    entropy_loss         | -3.28       |
|    explained_variance   | 0.757       |
|    learning_rate        | 0.0001      |
|    loss                 | 0.0531      |
|    n_updates            | 305         |
|    policy_gradient_loss | -0.0163     |
|    std                  | 0.725       |
|    value_loss           | 0.188       |
-----------------------------------------
-----------------------------------------
| time/                   |             |
|    fps                  | 234         |
|    iterations           | 15          |
|    time_elapsed         | 1047        |
|    total_timesteps      | 1032192     |
| train/                  |             |
|    approx_kl            | 0.018143155 |
|    clip_fraction        | 0.21        |
|    clip_range           | 0.2         |
|    entropy_loss         | -3.27       |
|    explained_variance   | 0.739       |
|    learning_rate        | 0.0001      |
|    loss                 | 0.0412      |
|    n_updates            | 310         |
|    policy_gradient_loss | -0.0169     |
|    std                  | 0.723       |
|    value_loss           | 0.175       |
-----------------------------------------
-----------------------------------------
| time/                   |             |
|    fps                  | 234         |
|    iterations           | 16          |
|    time_elapsed         | 1115        |
|    total_timesteps      | 1048576     |
| train/                  |             |
|    approx_kl            | 0.017798474 |
|    clip_fraction        | 0.205       |
|    clip_range           | 0.2         |
|    entropy_loss         | -3.25       |
|    explained_variance   | 0.752       |
|    learning_rate        | 0.0001      |
|    loss                 | 0.0306      |
|    n_updates            | 315         |
|    policy_gradient_loss | -0.0166     |
|    std                  | 0.719       |
|    value_loss           | 0.17        |
-----------------------------------------
saved checkpoint: /workspace/HAIC-Money/runs/20260920-022920_ppo-cnn-episode-sampler-v1/checkpoints/ppo_baseline_1048576_steps.zip
[eval @ 1048576] seen finish_rate=0.00 progress=0.360 | holdout finish_rate=0.00 progress=0.429 best=True
saved model: /workspace/HAIC-Money/runs/20260920-022920_ppo-cnn-episode-sampler-v1/model.zip
saved vecnormalize: /workspace/HAIC-Money/runs/20260920-022920_ppo-cnn-episode-sampler-v1/model_vecnormalize.pkl
=== 학습 완료 ===
